2025-11-14T07:29:26: PM2 log: ===============================================================================
2025-11-14T07:29:26: PM2 log: --- New PM2 Daemon started ----------------------------------------------------
2025-11-14T07:29:26: PM2 log: Time                 : Fri Nov 14 2025 07:29:26 GMT+0000 (Coordinated Universal Time)
2025-11-14T07:29:26: PM2 log: PM2 version          : 6.0.13
2025-11-14T07:29:26: PM2 log: Node.js version      : 20.19.5
2025-11-14T07:29:26: PM2 log: Current arch         : x64
2025-11-14T07:29:26: PM2 log: PM2 home             : /root/.pm2
2025-11-14T07:29:26: PM2 log: PM2 PID file         : /root/.pm2/pm2.pid
2025-11-14T07:29:26: PM2 log: RPC socket file      : /root/.pm2/rpc.sock
2025-11-14T07:29:26: PM2 log: BUS socket file      : /root/.pm2/pub.sock
2025-11-14T07:29:26: PM2 log: Application log path : /root/.pm2/logs
2025-11-14T07:29:26: PM2 log: Worker Interval      : 30000
2025-11-14T07:29:26: PM2 log: Process dump file    : /root/.pm2/dump.pm2
2025-11-14T07:29:26: PM2 log: Concurrent actions   : 2
2025-11-14T07:29:26: PM2 log: SIGTERM timeout      : 1600
2025-11-14T07:29:26: PM2 log: Runtime Binary       : /usr/bin/node
2025-11-14T07:29:26: PM2 log: ===============================================================================
2025-11-14T07:29:41: PM2 log: App [clicker:0] starting in -fork mode-
2025-11-14T07:29:41: PM2 log: App [clicker:0] online
2025-11-27T07:29:27: PM2 log: [PM2] This PM2 is not UP TO DATE
2025-11-27T07:29:27: PM2 log: [PM2] Upgrade to version 6.0.14
2025-11-28T07:29:27: PM2 log: [PM2] This PM2 is not UP TO DATE
2025-11-28T07:29:27: PM2 log: [PM2] Upgrade to version 6.0.14
2025-11-29T07:29:27: PM2 log: [PM2] This PM2 is not UP TO DATE
2025-11-29T07:29:27: PM2 log: [PM2] Upgrade to version 6.0.14
2025-11-30T07:29:27: PM2 log: [PM2] This PM2 is not UP TO DATE
2025-11-30T07:29:27: PM2 log: [PM2] Upgrade to version 6.0.14
2025-12-01T07:29:27: PM2 log: [PM2] This PM2 is not UP TO DATE
2025-12-01T07:29:27: PM2 log: [PM2] Upgrade to version 6.0.14
2025-12-02T07:29:27: PM2 log: [PM2] This PM2 is not UP TO DATE
2025-12-02T07:29:27: PM2 log: [PM2] Upgrade to version 6.0.14
2025-12-03T07:29:27: PM2 log: [PM2] This PM2 is not UP TO DATE
2025-12-03T07:29:27: PM2 log: [PM2] Upgrade to version 6.0.14
2025-12-04T07:29:27: PM2 log: [PM2] This PM2 is not UP TO DATE
2025-12-04T07:29:27: PM2 log: [PM2] Upgrade to version 6.0.14
2025-12-05T07:29:27: PM2 log: [PM2] This PM2 is not UP TO DATE
2025-12-05T07:29:27: PM2 log: [PM2] Upgrade to version 6.0.14
2025-12-06T07:29:27: PM2 log: [PM2] This PM2 is not UP TO DATE
2025-12-06T07:29:27: PM2 log: [PM2] Upgrade to version 6.0.14
2025-12-07T07:29:27: PM2 log: [PM2] This PM2 is not UP TO DATE
2025-12-07T07:29:27: PM2 log: [PM2] Upgrade to version 6.0.14
2025-12-08T07:29:27: PM2 log: [PM2] This PM2 is not UP TO DATE
2025-12-08T07:29:27: PM2 log: [PM2] Upgrade to version 6.0.14
2025-12-09T07:29:27: PM2 log: [PM2] This PM2 is not UP TO DATE
2025-12-09T07:29:27: PM2 log: [PM2] Upgrade to version 6.0.14
2025-12-10T07:29:27: PM2 log: [PM2] This PM2 is not UP TO DATE
2025-12-10T07:29:27: PM2 log: [PM2] Upgrade to version 6.0.14
2025-12-11T07:29:27: PM2 log: [PM2] This PM2 is not UP TO DATE
2025-12-11T07:29:27: PM2 log: [PM2] Upgrade to version 6.0.14
2025-12-12T07:29:27: PM2 log: [PM2] This PM2 is not UP TO DATE
2025-12-12T07:29:27: PM2 log: [PM2] Upgrade to version 6.0.14
2025-12-13T07:29:27: PM2 log: [PM2] This PM2 is not UP TO DATE
2025-12-13T07:29:27: PM2 log: [PM2] Upgrade to version 6.0.14
2025-12-14T07:29:27: PM2 log: [PM2] This PM2 is not UP TO DATE
2025-12-14T07:29:27: PM2 log: [PM2] Upgrade to version 6.0.14
2025-12-15T07:29:27: PM2 log: [PM2] This PM2 is not UP TO DATE
2025-12-15T07:29:27: PM2 log: [PM2] Upgrade to version 6.0.14
2025-12-16T07:29:27: PM2 log: [PM2] This PM2 is not UP TO DATE
2025-12-16T07:29:27: PM2 log: [PM2] Upgrade to version 6.0.14
2025-12-17T07:29:27: PM2 log: [PM2] This PM2 is not UP TO DATE
2025-12-17T07:29:27: PM2 log: [PM2] Upgrade to version 6.0.14
2025-12-18T07:29:27: PM2 log: [PM2] This PM2 is not UP TO DATE
2025-12-18T07:29:27: PM2 log: [PM2] Upgrade to version 6.0.14
2025-12-19T07:29:27: PM2 log: [PM2] This PM2 is not UP TO DATE
2025-12-19T07:29:27: PM2 log: [PM2] Upgrade to version 6.0.14
2025-12-20T07:29:27: PM2 log: [PM2] This PM2 is not UP TO DATE
2025-12-20T07:29:27: PM2 log: [PM2] Upgrade to version 6.0.14
2025-12-21T07:29:27: PM2 log: [PM2] This PM2 is not UP TO DATE
2025-12-21T07:29:27: PM2 log: [PM2] Upgrade to version 6.0.14
2025-12-22T07:29:27: PM2 log: [PM2] This PM2 is not UP TO DATE
2025-12-22T07:29:27: PM2 log: [PM2] Upgrade to version 6.0.14
2025-12-23T07:29:27: PM2 log: [PM2] This PM2 is not UP TO DATE
2025-12-23T07:29:27: PM2 log: [PM2] Upgrade to version 6.0.14
2025-12-24T07:29:27: PM2 log: [PM2] This PM2 is not UP TO DATE
2025-12-24T07:29:27: PM2 log: [PM2] Upgrade to version 6.0.14
2025-12-25T07:29:27: PM2 log: [PM2] This PM2 is not UP TO DATE
2025-12-25T07:29:27: PM2 log: [PM2] Upgrade to version 6.0.14
2025-12-26T07:29:27: PM2 log: [PM2] This PM2 is not UP TO DATE
2025-12-26T07:29:27: PM2 log: [PM2] Upgrade to version 6.0.14
2025-12-27T07:29:27: PM2 log: [PM2] This PM2 is not UP TO DATE
2025-12-27T07:29:27: PM2 log: [PM2] Upgrade to version 6.0.14
2025-12-28T07:29:27: PM2 log: [PM2] This PM2 is not UP TO DATE
2025-12-28T07:29:27: PM2 log: [PM2] Upgrade to version 6.0.14
2025-12-29T07:29:27: PM2 log: [PM2] This PM2 is not UP TO DATE
2025-12-29T07:29:27: PM2 log: [PM2] Upgrade to version 6.0.14
2025-12-30T07:29:27: PM2 log: [PM2] This PM2 is not UP TO DATE
2025-12-30T07:29:27: PM2 log: [PM2] Upgrade to version 6.0.14
2025-12-31T07:29:27: PM2 log: [PM2] This PM2 is not UP TO DATE
2025-12-31T07:29:27: PM2 log: [PM2] Upgrade to version 6.0.14
2026-01-01T07:29:27: PM2 log: [PM2] This PM2 is not UP TO DATE
2026-01-01T07:29:27: PM2 log: [PM2] Upgrade to version 6.0.14
2026-01-02T07:29:27: PM2 log: [PM2] This PM2 is not UP TO DATE
2026-01-02T07:29:27: PM2 log: [PM2] Upgrade to version 6.0.14
2026-01-03T07:29:27: PM2 log: [PM2] This PM2 is not UP TO DATE
2026-01-03T07:29:27: PM2 log: [PM2] Upgrade to version 6.0.14
2026-01-04T07:29:27: PM2 log: [PM2] This PM2 is not UP TO DATE
2026-01-04T07:29:27: PM2 log: [PM2] Upgrade to version 6.0.14
2026-01-05T07:29:27: PM2 log: [PM2] This PM2 is not UP TO DATE
2026-01-05T07:29:27: PM2 log: [PM2] Upgrade to version 6.0.14
2026-01-06T07:29:27: PM2 log: [PM2] This PM2 is not UP TO DATE
2026-01-06T07:29:27: PM2 log: [PM2] Upgrade to version 6.0.14
2026-01-07T07:29:27: PM2 log: [PM2] This PM2 is not UP TO DATE
2026-01-07T07:29:27: PM2 log: [PM2] Upgrade to version 6.0.14
2026-01-08T07:29:27: PM2 log: [PM2] This PM2 is not UP TO DATE
2026-01-08T07:29:27: PM2 log: [PM2] Upgrade to version 6.0.14
2026-01-09T07:29:27: PM2 log: [PM2] This PM2 is not UP TO DATE
2026-01-09T07:29:27: PM2 log: [PM2] Upgrade to version 6.0.14
2026-01-10T07:29:27: PM2 log: [PM2] This PM2 is not UP TO DATE
2026-01-10T07:29:27: PM2 log: [PM2] Upgrade to version 6.0.14
2026-01-11T07:29:27: PM2 log: [PM2] This PM2 is not UP TO DATE
2026-01-11T07:29:27: PM2 log: [PM2] Upgrade to version 6.0.14
2026-01-12T07:29:27: PM2 log: [PM2] This PM2 is not UP TO DATE
2026-01-12T07:29:27: PM2 log: [PM2] Upgrade to version 6.0.14
2026-01-13T07:29:27: PM2 log: [PM2] This PM2 is not UP TO DATE
2026-01-13T07:29:27: PM2 log: [PM2] Upgrade to version 6.0.14
2026-01-14T07:29:27: PM2 log: [PM2] This PM2 is not UP TO DATE
2026-01-14T07:29:27: PM2 log: [PM2] Upgrade to version 6.0.14
2026-01-15T07:29:27: PM2 log: [PM2] This PM2 is not UP TO DATE
2026-01-15T07:29:27: PM2 log: [PM2] Upgrade to version 6.0.14
2026-01-16T07:29:27: PM2 log: [PM2] This PM2 is not UP TO DATE
2026-01-16T07:29:27: PM2 log: [PM2] Upgrade to version 6.0.14
2026-01-17T07:29:27: PM2 log: [PM2] This PM2 is not UP TO DATE
2026-01-17T07:29:27: PM2 log: [PM2] Upgrade to version 6.0.14
2026-01-18T07:29:27: PM2 log: [PM2] This PM2 is not UP TO DATE
2026-01-18T07:29:27: PM2 log: [PM2] Upgrade to version 6.0.14
2026-01-19T07:29:27: PM2 log: [PM2] This PM2 is not UP TO DATE
2026-01-19T07:29:27: PM2 log: [PM2] Upgrade to version 6.0.14
2026-01-20T07:29:27: PM2 log: [PM2] This PM2 is not UP TO DATE
2026-01-20T07:29:27: PM2 log: [PM2] Upgrade to version 6.0.14
2026-01-21T07:29:27: PM2 log: [PM2] This PM2 is not UP TO DATE
2026-01-21T07:29:27: PM2 log: [PM2] Upgrade to version 6.0.14
2026-01-22T07:29:27: PM2 log: [PM2] This PM2 is not UP TO DATE
2026-01-22T07:29:27: PM2 log: [PM2] Upgrade to version 6.0.14
2026-01-23T07:29:27: PM2 log: [PM2] This PM2 is not UP TO DATE
2026-01-23T07:29:27: PM2 log: [PM2] Upgrade to version 6.0.14
2026-01-24T07:29:27: PM2 log: [PM2] This PM2 is not UP TO DATE
2026-01-24T07:29:27: PM2 log: [PM2] Upgrade to version 6.0.14
2026-01-25T07:29:27: PM2 log: [PM2] This PM2 is not UP TO DATE
2026-01-25T07:29:27: PM2 log: [PM2] Upgrade to version 6.0.14
2026-01-26T07:29:27: PM2 log: [PM2] This PM2 is not UP TO DATE
2026-01-26T07:29:27: PM2 log: [PM2] Upgrade to version 6.0.14
2026-01-27T07:29:27: PM2 log: [PM2] This PM2 is not UP TO DATE
2026-01-27T07:29:27: PM2 log: [PM2] Upgrade to version 6.0.14
2026-01-28T07:29:27: PM2 log: [PM2] This PM2 is not UP TO DATE
2026-01-28T07:29:27: PM2 log: [PM2] Upgrade to version 6.0.14
2026-01-29T07:29:27: PM2 log: [PM2] This PM2 is not UP TO DATE
2026-01-29T07:29:27: PM2 log: [PM2] Upgrade to version 6.0.14
2026-01-30T07:29:27: PM2 log: [PM2] This PM2 is not UP TO DATE
2026-01-30T07:29:27: PM2 log: [PM2] Upgrade to version 6.0.14
2026-01-31T07:29:27: PM2 log: [PM2] This PM2 is not UP TO DATE
2026-01-31T07:29:27: PM2 log: [PM2] Upgrade to version 6.0.14
2026-02-01T07:29:27: PM2 log: [PM2] This PM2 is not UP TO DATE
2026-02-01T07:29:27: PM2 log: [PM2] Upgrade to version 6.0.14
2026-02-02T07:29:27: PM2 log: [PM2] This PM2 is not UP TO DATE
2026-02-02T07:29:27: PM2 log: [PM2] Upgrade to version 6.0.14
2026-02-03T07:29:27: PM2 log: [PM2] This PM2 is not UP TO DATE
2026-02-03T07:29:27: PM2 log: [PM2] Upgrade to version 6.0.14
2026-02-04T07:29:27: PM2 log: [PM2] This PM2 is not UP TO DATE
2026-02-04T07:29:27: PM2 log: [PM2] Upgrade to version 6.0.14
2026-02-05T07:29:27: PM2 log: [PM2] This PM2 is not UP TO DATE
2026-02-05T07:29:27: PM2 log: [PM2] Upgrade to version 6.0.14
2026-02-06T07:29:27: PM2 log: [PM2] This PM2 is not UP TO DATE
2026-02-06T07:29:27: PM2 log: [PM2] Upgrade to version 6.0.14
2026-02-07T07:29:27: PM2 log: [PM2] This PM2 is not UP TO DATE
2026-02-07T07:29:27: PM2 log: [PM2] Upgrade to version 6.0.14
2026-02-08T07:29:27: PM2 log: [PM2] This PM2 is not UP TO DATE
2026-02-08T07:29:27: PM2 log: [PM2] Upgrade to version 6.0.14
2026-02-09T07:29:27: PM2 log: [PM2] This PM2 is not UP TO DATE
2026-02-09T07:29:27: PM2 log: [PM2] Upgrade to version 6.0.14
2026-02-10T07:29:27: PM2 log: [PM2] This PM2 is not UP TO DATE
2026-02-10T07:29:27: PM2 log: [PM2] Upgrade to version 6.0.14
2026-02-11T07:29:27: PM2 log: [PM2] This PM2 is not UP TO DATE
2026-02-11T07:29:27: PM2 log: [PM2] Upgrade to version 6.0.14
2026-02-12T07:29:27: PM2 log: [PM2] This PM2 is not UP TO DATE
2026-02-12T07:29:27: PM2 log: [PM2] Upgrade to version 6.0.14
2026-02-13T07:29:27: PM2 log: [PM2] This PM2 is not UP TO DATE
2026-02-13T07:29:27: PM2 log: [PM2] Upgrade to version 6.0.14
2026-02-14T07:29:27: PM2 log: [PM2] This PM2 is not UP TO DATE
2026-02-14T07:29:27: PM2 log: [PM2] Upgrade to version 6.0.14
2026-02-15T07:29:27: PM2 log: [PM2] This PM2 is not UP TO DATE
2026-02-15T07:29:27: PM2 log: [PM2] Upgrade to version 6.0.14
2026-02-16T07:29:27: PM2 log: [PM2] This PM2 is not UP TO DATE
2026-02-16T07:29:27: PM2 log: [PM2] Upgrade to version 6.0.14
2026-02-17T07:29:27: PM2 log: [PM2] This PM2 is not UP TO DATE
2026-02-17T07:29:27: PM2 log: [PM2] Upgrade to version 6.0.14
2026-02-18T07:29:27: PM2 log: [PM2] This PM2 is not UP TO DATE
2026-02-18T07:29:27: PM2 log: [PM2] Upgrade to version 6.0.14
2026-02-19T07:29:27: PM2 log: [PM2] This PM2 is not UP TO DATE
2026-02-19T07:29:27: PM2 log: [PM2] Upgrade to version 6.0.14
2026-02-20T07:29:27: PM2 log: [PM2] This PM2 is not UP TO DATE
2026-02-20T07:29:27: PM2 log: [PM2] Upgrade to version 6.0.14
2026-02-21T07:29:27: PM2 log: [PM2] This PM2 is not UP TO DATE
2026-02-21T07:29:27: PM2 log: [PM2] Upgrade to version 6.0.14
2026-02-22T07:29:27: PM2 log: [PM2] This PM2 is not UP TO DATE
2026-02-22T07:29:27: PM2 log: [PM2] Upgrade to version 6.0.14
2026-02-23T07:29:27: PM2 log: [PM2] This PM2 is not UP TO DATE
2026-02-23T07:29:27: PM2 log: [PM2] Upgrade to version 6.0.14
2026-02-24T07:29:27: PM2 log: [PM2] This PM2 is not UP TO DATE
2026-02-24T07:29:27: PM2 log: [PM2] Upgrade to version 6.0.14
2026-02-25T07:29:27: PM2 log: [PM2] This PM2 is not UP TO DATE
2026-02-25T07:29:27: PM2 log: [PM2] Upgrade to version 6.0.14
2026-02-26T07:29:27: PM2 log: [PM2] This PM2 is not UP TO DATE
2026-02-26T07:29:27: PM2 log: [PM2] Upgrade to version 6.0.14
2026-02-27T07:29:27: PM2 log: [PM2] This PM2 is not UP TO DATE
2026-02-27T07:29:27: PM2 log: [PM2] Upgrade to version 6.0.14
2026-02-28T07:29:27: PM2 log: [PM2] This PM2 is not UP TO DATE
2026-02-28T07:29:27: PM2 log: [PM2] Upgrade to version 6.0.14
2026-03-01T07:29:27: PM2 log: [PM2] This PM2 is not UP TO DATE
2026-03-01T07:29:27: PM2 log: [PM2] Upgrade to version 6.0.14
2026-03-02T07:29:27: PM2 log: [PM2] This PM2 is not UP TO DATE
2026-03-02T07:29:27: PM2 log: [PM2] Upgrade to version 6.0.14
2026-03-03T07:29:27: PM2 log: [PM2] This PM2 is not UP TO DATE
2026-03-03T07:29:27: PM2 log: [PM2] Upgrade to version 6.0.14
2026-03-04T07:29:27: PM2 log: [PM2] This PM2 is not UP TO DATE
2026-03-04T07:29:27: PM2 log: [PM2] Upgrade to version 6.0.14
2026-03-05T07:29:27: PM2 log: [PM2] This PM2 is not UP TO DATE
2026-03-05T07:29:27: PM2 log: [PM2] Upgrade to version 6.0.14
2026-03-06T07:29:27: PM2 log: [PM2] This PM2 is not UP TO DATE
2026-03-06T07:29:27: PM2 log: [PM2] Upgrade to version 6.0.14
2026-03-07T07:29:27: PM2 log: [PM2] This PM2 is not UP TO DATE
2026-03-07T07:29:27: PM2 log: [PM2] Upgrade to version 6.0.14
2026-03-08T07:29:27: PM2 log: [PM2] This PM2 is not UP TO DATE
2026-03-08T07:29:27: PM2 log: [PM2] Upgrade to version 6.0.14
2026-03-09T07:29:27: PM2 log: [PM2] This PM2 is not UP TO DATE
2026-03-09T07:29:27: PM2 log: [PM2] Upgrade to version 6.0.14
2026-03-10T07:29:27: PM2 log: [PM2] This PM2 is not UP TO DATE
2026-03-10T07:29:27: PM2 log: [PM2] Upgrade to version 6.0.14
2026-03-11T07:29:27: PM2 log: [PM2] This PM2 is not UP TO DATE
2026-03-11T07:29:27: PM2 log: [PM2] Upgrade to version 6.0.14
2026-03-12T07:29:27: PM2 log: [PM2] This PM2 is not UP TO DATE
2026-03-12T07:29:27: PM2 log: [PM2] Upgrade to version 6.0.14
2026-03-13T07:29:27: PM2 log: [PM2] This PM2 is not UP TO DATE
2026-03-13T07:29:27: PM2 log: [PM2] Upgrade to version 6.0.14
2026-03-14T07:29:27: PM2 log: [PM2] This PM2 is not UP TO DATE
2026-03-14T07:29:27: PM2 log: [PM2] Upgrade to version 6.0.14
2026-03-15T07:29:27: PM2 log: [PM2] This PM2 is not UP TO DATE
2026-03-15T07:29:27: PM2 log: [PM2] Upgrade to version 6.0.14
2026-03-16T07:29:27: PM2 log: [PM2] This PM2 is not UP TO DATE
2026-03-16T07:29:27: PM2 log: [PM2] Upgrade to version 6.0.14
2026-03-17T07:29:27: PM2 log: [PM2] This PM2 is not UP TO DATE
2026-03-17T07:29:27: PM2 log: [PM2] Upgrade to version 6.0.14
2026-03-18T07:29:27: PM2 log: [PM2] This PM2 is not UP TO DATE
2026-03-18T07:29:27: PM2 log: [PM2] Upgrade to version 6.0.14
2026-03-19T07:29:27: PM2 log: [PM2] This PM2 is not UP TO DATE
2026-03-19T07:29:27: PM2 log: [PM2] Upgrade to version 6.0.14
2026-03-20T07:29:27: PM2 log: [PM2] This PM2 is not UP TO DATE
2026-03-20T07:29:27: PM2 log: [PM2] Upgrade to version 6.0.14
2026-03-21T07:29:27: PM2 log: [PM2] This PM2 is not UP TO DATE
2026-03-21T07:29:27: PM2 log: [PM2] Upgrade to version 6.0.14
2026-03-22T07:29:27: PM2 log: [PM2] This PM2 is not UP TO DATE
2026-03-22T07:29:27: PM2 log: [PM2] Upgrade to version 6.0.14
2026-03-23T07:29:27: PM2 log: [PM2] This PM2 is not UP TO DATE
2026-03-23T07:29:27: PM2 log: [PM2] Upgrade to version 6.0.14
2026-03-24T07:29:27: PM2 log: [PM2] This PM2 is not UP TO DATE
2026-03-24T07:29:27: PM2 log: [PM2] Upgrade to version 6.0.14
2026-03-25T07:29:27: PM2 log: [PM2] This PM2 is not UP TO DATE
2026-03-25T07:29:27: PM2 log: [PM2] Upgrade to version 6.0.14
2026-03-26T07:29:27: PM2 log: [PM2] This PM2 is not UP TO DATE
2026-03-26T07:29:27: PM2 log: [PM2] Upgrade to version 6.0.14
2026-03-27T07:29:27: PM2 log: [PM2] This PM2 is not UP TO DATE
2026-03-27T07:29:27: PM2 log: [PM2] Upgrade to version 6.0.14
2026-03-28T07:29:27: PM2 log: [PM2] This PM2 is not UP TO DATE
2026-03-28T07:29:27: PM2 log: [PM2] Upgrade to version 6.0.14
2026-03-29T07:29:27: PM2 log: [PM2] This PM2 is not UP TO DATE
2026-03-29T07:29:27: PM2 log: [PM2] Upgrade to version 6.0.14
2026-03-30T07:29:27: PM2 log: [PM2] This PM2 is not UP TO DATE
2026-03-30T07:29:27: PM2 log: [PM2] Upgrade to version 6.0.14
2026-03-31T07:29:27: PM2 log: [PM2] This PM2 is not UP TO DATE
2026-03-31T07:29:27: PM2 log: [PM2] Upgrade to version 6.0.14
2026-04-01T07:29:27: PM2 log: [PM2] This PM2 is not UP TO DATE
2026-04-01T07:29:27: PM2 log: [PM2] Upgrade to version 6.0.14
2026-04-02T07:29:27: PM2 log: [PM2] This PM2 is not UP TO DATE
2026-04-02T07:29:27: PM2 log: [PM2] Upgrade to version 6.0.14
2026-04-03T07:29:27: PM2 log: [PM2] This PM2 is not UP TO DATE
2026-04-03T07:29:27: PM2 log: [PM2] Upgrade to version 6.0.14
2026-04-04T07:29:27: PM2 log: [PM2] This PM2 is not UP TO DATE
2026-04-04T07:29:27: PM2 log: [PM2] Upgrade to version 6.0.14
2026-04-05T07:29:27: PM2 log: [PM2] This PM2 is not UP TO DATE
2026-04-05T07:29:27: PM2 log: [PM2] Upgrade to version 6.0.14
2026-04-06T07:29:27: PM2 log: [PM2] This PM2 is not UP TO DATE
2026-04-06T07:29:27: PM2 log: [PM2] Upgrade to version 6.0.14
2026-04-07T07:29:27: PM2 log: [PM2] This PM2 is not UP TO DATE
2026-04-07T07:29:27: PM2 log: [PM2] Upgrade to version 6.0.14
2026-04-08T07:29:27: PM2 log: [PM2] This PM2 is not UP TO DATE
2026-04-08T07:29:27: PM2 log: [PM2] Upgrade to version 6.0.14
2026-04-09T07:29:27: PM2 log: [PM2] This PM2 is not UP TO DATE
2026-04-09T07:29:27: PM2 log: [PM2] Upgrade to version 6.0.14
2026-04-10T07:29:27: PM2 log: [PM2] This PM2 is not UP TO DATE
2026-04-10T07:29:27: PM2 log: [PM2] Upgrade to version 6.0.14
2026-04-11T07:29:27: PM2 log: [PM2] This PM2 is not UP TO DATE
2026-04-11T07:29:27: PM2 log: [PM2] Upgrade to version 6.0.14
2026-04-12T07:29:27: PM2 log: [PM2] This PM2 is not UP TO DATE
2026-04-12T07:29:27: PM2 log: [PM2] Upgrade to version 6.0.14
2026-04-13T07:29:27: PM2 log: [PM2] This PM2 is not UP TO DATE
2026-04-13T07:29:27: PM2 log: [PM2] Upgrade to version 6.0.14
2026-04-14T07:29:27: PM2 log: [PM2] This PM2 is not UP TO DATE
2026-04-14T07:29:27: PM2 log: [PM2] Upgrade to version 6.0.14
2026-04-15T07:29:27: PM2 log: [PM2] This PM2 is not UP TO DATE
2026-04-15T07:29:27: PM2 log: [PM2] Upgrade to version 6.0.14
2026-04-16T07:29:27: PM2 log: [PM2] This PM2 is not UP TO DATE
2026-04-16T07:29:27: PM2 log: [PM2] Upgrade to version 6.0.14
2026-04-17T07:29:27: PM2 log: [PM2] This PM2 is not UP TO DATE
2026-04-17T07:29:27: PM2 log: [PM2] Upgrade to version 6.0.14
2026-04-18T07:29:27: PM2 log: [PM2] This PM2 is not UP TO DATE
2026-04-18T07:29:27: PM2 log: [PM2] Upgrade to version 6.0.14
2026-04-19T07:29:27: PM2 log: [PM2] This PM2 is not UP TO DATE
2026-04-19T07:29:27: PM2 log: [PM2] Upgrade to version 6.0.14
2026-04-20T07:29:27: PM2 log: [PM2] This PM2 is not UP TO DATE
2026-04-20T07:29:27: PM2 log: [PM2] Upgrade to version 6.0.14
2026-04-21T07:29:27: PM2 log: [PM2] This PM2 is not UP TO DATE
2026-04-21T07:29:27: PM2 log: [PM2] Upgrade to version 6.0.14
2026-04-22T07:29:27: PM2 log: [PM2] This PM2 is not UP TO DATE
2026-04-22T07:29:27: PM2 log: [PM2] Upgrade to version 6.0.14
2026-04-23T07:29:27: PM2 log: [PM2] This PM2 is not UP TO DATE
2026-04-23T07:29:27: PM2 log: [PM2] Upgrade to version 6.0.14
2026-04-24T07:29:27: PM2 log: [PM2] This PM2 is not UP TO DATE
2026-04-24T07:29:27: PM2 log: [PM2] Upgrade to version 6.0.14
2026-04-25T07:29:27: PM2 log: [PM2] This PM2 is not UP TO DATE
2026-04-25T07:29:27: PM2 log: [PM2] Upgrade to version 6.0.14
2026-04-26T07:29:27: PM2 log: [PM2] This PM2 is not UP TO DATE
2026-04-26T07:29:27: PM2 log: [PM2] Upgrade to version 6.0.14
2026-04-27T07:29:27: PM2 log: [PM2] This PM2 is not UP TO DATE
2026-04-27T07:29:27: PM2 log: [PM2] Upgrade to version 6.0.14
2026-04-28T07:29:27: PM2 log: [PM2] This PM2 is not UP TO DATE
2026-04-28T07:29:27: PM2 log: [PM2] Upgrade to version 6.0.14
2026-04-29T07:29:27: PM2 log: [PM2] This PM2 is not UP TO DATE
2026-04-29T07:29:27: PM2 log: [PM2] Upgrade to version 6.0.14
2026-04-30T07:29:27: PM2 log: [PM2] This PM2 is not UP TO DATE
2026-04-30T07:29:27: PM2 log: [PM2] Upgrade to version 6.0.14
2026-05-01T07:29:27: PM2 log: [PM2] This PM2 is not UP TO DATE
2026-05-01T07:29:27: PM2 log: [PM2] Upgrade to version 6.0.14
2026-05-02T07:29:27: PM2 log: [PM2] This PM2 is not UP TO DATE
2026-05-02T07:29:27: PM2 log: [PM2] Upgrade to version 7.0.0
2026-05-03T07:29:27: PM2 log: [PM2] This PM2 is not UP TO DATE
2026-05-03T07:29:27: PM2 log: [PM2] Upgrade to version 7.0.1
2026-05-04T07:29:27: PM2 log: [PM2] This PM2 is not UP TO DATE
2026-05-04T07:29:27: PM2 log: [PM2] Upgrade to version 7.0.1
2026-05-05T07:29:27: PM2 log: [PM2] This PM2 is not UP TO DATE
2026-05-05T07:29:27: PM2 log: [PM2] Upgrade to version 7.0.1
2026-05-06T07:29:27: PM2 log: [PM2] This PM2 is not UP TO DATE
2026-05-06T07:29:27: PM2 log: [PM2] Upgrade to version 7.0.1
2026-05-07T07:29:27: PM2 log: [PM2] This PM2 is not UP TO DATE
2026-05-07T07:29:27: PM2 log: [PM2] Upgrade to version 7.0.1
2026-05-08T07:29:27: PM2 log: [PM2] This PM2 is not UP TO DATE
2026-05-08T07:29:27: PM2 log: [PM2] Upgrade to version 7.0.1
2026-05-09T07:29:27: PM2 log: [PM2] This PM2 is not UP TO DATE
2026-05-09T07:29:27: PM2 log: [PM2] Upgrade to version 7.0.1
2026-05-10T07:29:27: PM2 log: [PM2] This PM2 is not UP TO DATE
2026-05-10T07:29:27: PM2 log: [PM2] Upgrade to version 7.0.1
2026-05-11T07:29:27: PM2 log: [PM2] This PM2 is not UP TO DATE
2026-05-11T07:29:27: PM2 log: [PM2] Upgrade to version 7.0.1
2026-05-12T07:29:27: PM2 log: [PM2] This PM2 is not UP TO DATE
2026-05-12T07:29:27: PM2 log: [PM2] Upgrade to version 7.0.1
2026-05-13T07:29:27: PM2 log: [PM2] This PM2 is not UP TO DATE
2026-05-13T07:29:27: PM2 log: [PM2] Upgrade to version 7.0.1
2026-05-14T07:29:27: PM2 log: [PM2] This PM2 is not UP TO DATE
2026-05-14T07:29:27: PM2 log: [PM2] Upgrade to version 7.0.1
2026-05-15T07:29:27: PM2 log: [PM2] This PM2 is not UP TO DATE
2026-05-15T07:29:27: PM2 log: [PM2] Upgrade to version 7.0.1
2026-05-16T07:29:27: PM2 log: [PM2] This PM2 is not UP TO DATE
2026-05-16T07:29:27: PM2 log: [PM2] Upgrade to version 7.0.1
2026-05-17T07:29:27: PM2 log: [PM2] This PM2 is not UP TO DATE
2026-05-17T07:29:27: PM2 log: [PM2] Upgrade to version 7.0.1
2026-05-18T07:29:27: PM2 log: [PM2] This PM2 is not UP TO DATE
2026-05-18T07:29:27: PM2 log: [PM2] Upgrade to version 7.0.1
2026-05-19T07:29:27: PM2 log: [PM2] This PM2 is not UP TO DATE
2026-05-19T07:29:27: PM2 log: [PM2] Upgrade to version 7.0.1
2026-05-20T07:29:27: PM2 log: [PM2] This PM2 is not UP TO DATE
2026-05-20T07:29:27: PM2 log: [PM2] Upgrade to version 7.0.1
2026-05-21T07:29:27: PM2 log: [PM2] This PM2 is not UP TO DATE
2026-05-21T07:29:27: PM2 log: [PM2] Upgrade to version 7.0.1
2026-05-22T07:29:27: PM2 log: [PM2] This PM2 is not UP TO DATE
2026-05-22T07:29:27: PM2 log: [PM2] Upgrade to version 7.0.1
2026-05-23T07:29:27: PM2 log: [PM2] This PM2 is not UP TO DATE
2026-05-23T07:29:27: PM2 log: [PM2] Upgrade to version 7.0.1
2026-05-24T07:29:27: PM2 log: [PM2] This PM2 is not UP TO DATE
2026-05-24T07:29:27: PM2 log: [PM2] Upgrade to version 7.0.1
2026-05-25T07:29:27: PM2 log: [PM2] This PM2 is not UP TO DATE
2026-05-25T07:29:27: PM2 log: [PM2] Upgrade to version 7.0.1
2026-05-26T07:29:27: PM2 log: [PM2] This PM2 is not UP TO DATE
2026-05-26T07:29:27: PM2 log: [PM2] Upgrade to version 7.0.1
2026-05-27T07:29:27: PM2 log: [PM2] This PM2 is not UP TO DATE
2026-05-27T07:29:27: PM2 log: [PM2] Upgrade to version 7.0.1
2026-05-28T07:29:27: PM2 log: [PM2] This PM2 is not UP TO DATE
2026-05-28T07:29:27: PM2 log: [PM2] Upgrade to version 7.0.1
2026-05-29T07:29:27: PM2 log: [PM2] This PM2 is not UP TO DATE
2026-05-29T07:29:27: PM2 log: [PM2] Upgrade to version 7.0.1
2026-05-30T07:29:27: PM2 log: [PM2] This PM2 is not UP TO DATE
2026-05-30T07:29:27: PM2 log: [PM2] Upgrade to version 7.0.1
2026-05-31T07:29:27: PM2 log: [PM2] This PM2 is not UP TO DATE
2026-05-31T07:29:27: PM2 log: [PM2] Upgrade to version 7.0.1
2026-06-01T07:29:27: PM2 log: [PM2] This PM2 is not UP TO DATE
2026-06-01T07:29:27: PM2 log: [PM2] Upgrade to version 7.0.1
2026-06-02T07:29:27: PM2 log: [PM2] This PM2 is not UP TO DATE
2026-06-02T07:29:27: PM2 log: [PM2] Upgrade to version 7.0.1
2026-06-03T07:29:27: PM2 log: [PM2] This PM2 is not UP TO DATE
2026-06-03T07:29:27: PM2 log: [PM2] Upgrade to version 7.0.1
2026-06-04T07:29:27: PM2 log: [PM2] This PM2 is not UP TO DATE
2026-06-04T07:29:27: PM2 log: [PM2] Upgrade to version 7.0.1
2026-06-05T07:29:27: PM2 log: [PM2] This PM2 is not UP TO DATE
2026-06-05T07:29:27: PM2 log: [PM2] Upgrade to version 7.0.1
2026-06-06T07:29:27: PM2 log: [PM2] This PM2 is not UP TO DATE
2026-06-06T07:29:27: PM2 log: [PM2] Upgrade to version 7.0.1
2026-06-07T07:29:27: PM2 log: [PM2] This PM2 is not UP TO DATE
2026-06-07T07:29:27: PM2 log: [PM2] Upgrade to version 7.0.1
2026-06-08T07:29:27: PM2 log: [PM2] This PM2 is not UP TO DATE
2026-06-08T07:29:27: PM2 log: [PM2] Upgrade to version 7.0.1
2026-06-09T07:29:27: PM2 log: [PM2] This PM2 is not UP TO DATE
2026-06-09T07:29:27: PM2 log: [PM2] Upgrade to version 7.0.1
2026-06-10T07:29:27: PM2 log: [PM2] This PM2 is not UP TO DATE
2026-06-10T07:29:27: PM2 log: [PM2] Upgrade to version 7.0.1
2026-06-11T07:29:27: PM2 log: [PM2] This PM2 is not UP TO DATE
2026-06-11T07:29:27: PM2 log: [PM2] Upgrade to version 7.0.1
2026-06-12T07:29:27: PM2 log: [PM2] This PM2 is not UP TO DATE
2026-06-12T07:29:27: PM2 log: [PM2] Upgrade to version 7.0.1
2026-06-13T07:29:27: PM2 log: [PM2] This PM2 is not UP TO DATE
2026-06-13T07:29:27: PM2 log: [PM2] Upgrade to version 7.0.1
2026-06-14T07:29:27: PM2 log: [PM2] This PM2 is not UP TO DATE
2026-06-14T07:29:27: PM2 log: [PM2] Upgrade to version 7.0.1
2026-06-15T07:29:27: PM2 log: [PM2] This PM2 is not UP TO DATE
2026-06-15T07:29:27: PM2 log: [PM2] Upgrade to version 7.0.1
2026-06-16T07:29:27: PM2 log: [PM2] This PM2 is not UP TO DATE
2026-06-16T07:29:27: PM2 log: [PM2] Upgrade to version 7.0.1
2026-06-17T07:29:27: PM2 log: [PM2] This PM2 is not UP TO DATE
2026-06-17T07:29:27: PM2 log: [PM2] Upgrade to version 7.0.1
2026-06-18T07:29:27: PM2 log: [PM2] This PM2 is not UP TO DATE
2026-06-18T07:29:27: PM2 log: [PM2] Upgrade to version 7.0.1
2026-06-19T07:29:27: PM2 log: [PM2] This PM2 is not UP TO DATE
2026-06-19T07:29:27: PM2 log: [PM2] Upgrade to version 7.0.1
2026-06-20T07:29:27: PM2 log: [PM2] This PM2 is not UP TO DATE
2026-06-20T07:29:27: PM2 log: [PM2] Upgrade to version 7.0.1
2026-06-21T07:29:27: PM2 log: [PM2] This PM2 is not UP TO DATE
2026-06-21T07:29:27: PM2 log: [PM2] Upgrade to version 7.0.1
2026-06-22T07:29:27: PM2 log: [PM2] This PM2 is not UP TO DATE
2026-06-22T07:29:27: PM2 log: [PM2] Upgrade to version 7.0.1
2026-06-23T07:29:27: PM2 log: [PM2] This PM2 is not UP TO DATE
2026-06-23T07:29:27: PM2 log: [PM2] Upgrade to version 7.0.1
2026-06-24T07:29:27: PM2 log: [PM2] This PM2 is not UP TO DATE
2026-06-24T07:29:27: PM2 log: [PM2] Upgrade to version 7.0.1
2026-06-25T07:29:27: PM2 log: [PM2] This PM2 is not UP TO DATE
2026-06-25T07:29:27: PM2 log: [PM2] Upgrade to version 7.0.1
2026-06-26T07:29:27: PM2 log: [PM2] This PM2 is not UP TO DATE
2026-06-26T07:29:27: PM2 log: [PM2] Upgrade to version 7.0.1
2026-06-27T07:29:27: PM2 log: [PM2] This PM2 is not UP TO DATE
2026-06-27T07:29:27: PM2 log: [PM2] Upgrade to version 7.0.1
2026-06-28T07:29:27: PM2 log: [PM2] This PM2 is not UP TO DATE
2026-06-28T07:29:27: PM2 log: [PM2] Upgrade to version 7.0.1
2026-06-29T07:29:27: PM2 log: [PM2] This PM2 is not UP TO DATE
2026-06-29T07:29:27: PM2 log: [PM2] Upgrade to version 7.0.1
2026-06-30T07:29:27: PM2 log: [PM2] This PM2 is not UP TO DATE
2026-06-30T07:29:27: PM2 log: [PM2] Upgrade to version 7.0.3
2026-07-01T07:29:27: PM2 log: [PM2] This PM2 is not UP TO DATE
2026-07-01T07:29:27: PM2 log: [PM2] Upgrade to version 7.0.3
2026-07-02T07:29:27: PM2 log: [PM2] This PM2 is not UP TO DATE
2026-07-02T07:29:27: PM2 log: [PM2] Upgrade to version 7.0.3
2026-07-03T07:29:27: PM2 log: [PM2] This PM2 is not UP TO DATE
2026-07-03T07:29:27: PM2 log: [PM2] Upgrade to version 7.0.3
2026-07-04T07:29:27: PM2 log: [PM2] This PM2 is not UP TO DATE
2026-07-04T07:29:27: PM2 log: [PM2] Upgrade to version 7.0.3
2026-07-05T07:29:27: PM2 log: [PM2] This PM2 is not UP TO DATE
2026-07-05T07:29:27: PM2 log: [PM2] Upgrade to version 7.0.3
2026-07-06T07:29:27: PM2 log: [PM2] This PM2 is not UP TO DATE
2026-07-06T07:29:27: PM2 log: [PM2] Upgrade to version 7.0.3
2026-07-07T07:29:27: PM2 log: [PM2] This PM2 is not UP TO DATE
2026-07-07T07:29:27: PM2 log: [PM2] Upgrade to version 7.0.3
2026-07-08T07:29:27: PM2 log: [PM2] This PM2 is not UP TO DATE
2026-07-08T07:29:27: PM2 log: [PM2] Upgrade to version 7.0.3
2026-07-09T07:29:27: PM2 log: [PM2] This PM2 is not UP TO DATE
2026-07-09T07:29:27: PM2 log: [PM2] Upgrade to version 7.0.3
2026-07-10T07:29:27: PM2 log: [PM2] This PM2 is not UP TO DATE
2026-07-10T07:29:27: PM2 log: [PM2] Upgrade to version 7.0.3
2026-07-11T07:29:27: PM2 log: [PM2] This PM2 is not UP TO DATE
2026-07-11T07:29:27: PM2 log: [PM2] Upgrade to version 7.0.3
2026-07-12T07:29:27: PM2 log: [PM2] This PM2 is not UP TO DATE
2026-07-12T07:29:27: PM2 log: [PM2] Upgrade to version 7.0.3
2026-07-13T07:29:27: PM2 log: [PM2] This PM2 is not UP TO DATE
2026-07-13T07:29:27: PM2 log: [PM2] Upgrade to version 7.0.3
2026-07-14T07:29:27: PM2 log: [PM2] This PM2 is not UP TO DATE
2026-07-14T07:29:27: PM2 log: [PM2] Upgrade to version 7.0.3
2026-07-15T07:29:27: PM2 log: [PM2] This PM2 is not UP TO DATE
2026-07-15T07:29:27: PM2 log: [PM2] Upgrade to version 7.0.3
2026-07-16T07:29:27: PM2 log: [PM2] This PM2 is not UP TO DATE
2026-07-16T07:29:27: PM2 log: [PM2] Upgrade to version 7.0.3
2026-07-17T07:29:27: PM2 log: [PM2] This PM2 is not UP TO DATE
2026-07-17T07:29:27: PM2 log: [PM2] Upgrade to version 7.0.3
2026-07-18T07:29:27: PM2 log: [PM2] This PM2 is not UP TO DATE
2026-07-18T07:29:27: PM2 log: [PM2] Upgrade to version 7.0.3
2026-07-19T07:29:27: PM2 log: [PM2] This PM2 is not UP TO DATE
2026-07-19T07:29:27: PM2 log: [PM2] Upgrade to version 7.0.3
