0 verbose cli /usr/bin/node /usr/bin/npm
1 info using npm@10.8.2
2 info using node@v20.19.5
3 silly config load:file:/usr/lib/node_modules/npm/npmrc
4 silly config load:file:/root/.cache/typescript/5.9/.npmrc
5 silly config load:file:/root/.npmrc
6 silly config load:file:/usr/etc/npmrc
7 verbose title npm install types-registry@latest
8 verbose argv "install" "--ignore-scripts" "types-registry@latest"
9 verbose logfile logs-max:10 dir:/root/.npm/_logs/2025-11-07T17_04_20_663Z-
10 verbose logfile /root/.npm/_logs/2025-11-07T17_04_20_663Z-debug-0.log
11 silly packumentCache heap:1054867456 maxSize:263716864 maxEntrySize:131858432
12 silly logfile start cleaning logs, removing 1 files
13 silly logfile done cleaning log files
14 silly packumentCache corgi:https://registry.npmjs.org/types-registry cache-miss
15 http fetch GET 200 https://registry.npmjs.org/types-registry 194ms (cache revalidated)
16 silly packumentCache corgi:https://registry.npmjs.org/types-registry set size:611512 disposed:false
17 silly idealTree buildDeps
18 silly fetch manifest types-registry@0.1.745
19 silly packumentCache full:https://registry.npmjs.org/types-registry cache-miss
20 http fetch GET 200 https://registry.npmjs.org/types-registry 49ms (cache revalidated)
21 silly packumentCache full:https://registry.npmjs.org/types-registry set size:1309807 disposed:false
22 silly placeDep ROOT types-registry@0.1.745 REPLACE for:  want: 0.1.745
23 silly reify moves {}
24 silly audit bulk request {
24 silly audit   '@types/node': [ '24.9.2' ],
24 silly audit   '@types/react': [ '19.2.2' ],
24 silly audit   csstype: [ '3.1.3' ],
24 silly audit   'undici-types': [ '7.16.0' ],
24 silly audit   'types-registry': [ '0.1.745' ]
24 silly audit }
25 http fetch POST 200 https://registry.npmjs.org/-/npm/v1/security/advisories/bulk 240ms
26 silly audit report {}
27 verbose cwd /root/.cache/typescript/5.9
28 verbose os Linux 5.15.0-113-generic
29 verbose node v20.19.5
30 verbose npm  v10.8.2
31 verbose exit 0
32 info ok
