0 verbose cli /usr/bin/node /usr/bin/npm
1 info using npm@10.8.2
2 info using node@v20.19.5
3 silly config load:file:/usr/lib/node_modules/npm/npmrc
4 silly config load:file:/root/.cache/typescript/5.9/.npmrc
5 silly config load:file:/root/.npmrc
6 silly config load:file:/usr/etc/npmrc
7 verbose title npm install types-registry@latest
8 verbose argv "install" "--ignore-scripts" "types-registry@latest"
9 verbose logfile logs-max:10 dir:/root/.npm/_logs/2025-11-09T02_10_32_671Z-
10 verbose logfile /root/.npm/_logs/2025-11-09T02_10_32_671Z-debug-0.log
11 silly packumentCache heap:1054867456 maxSize:263716864 maxEntrySize:131858432
12 silly logfile start cleaning logs, removing 1 files
13 silly logfile done cleaning log files
14 silly packumentCache corgi:https://registry.npmjs.org/types-registry cache-miss
15 http fetch GET 200 https://registry.npmjs.org/types-registry 482ms (cache updated)
16 silly packumentCache corgi:https://registry.npmjs.org/types-registry set size:undefined disposed:false
17 silly idealTree buildDeps
18 silly fetch manifest types-registry@0.1.746
19 silly packumentCache full:https://registry.npmjs.org/types-registry cache-miss
20 http fetch GET 200 https://registry.npmjs.org/types-registry 89ms (cache updated)
21 silly packumentCache full:https://registry.npmjs.org/types-registry set size:undefined disposed:false
22 silly placeDep ROOT types-registry@0.1.746 REPLACE for:  want: 0.1.746
23 silly reify mark retired [ '/root/.cache/typescript/5.9/node_modules/types-registry' ]
24 silly reify moves {
24 silly reify   '/root/.cache/typescript/5.9/node_modules/types-registry': '/root/.cache/typescript/5.9/node_modules/.types-registry-H5mjSGkF'
24 silly reify }
25 silly audit bulk request {
25 silly audit   '@types/node': [ '24.9.2' ],
25 silly audit   '@types/react': [ '19.2.2' ],
25 silly audit   csstype: [ '3.1.3' ],
25 silly audit   'undici-types': [ '7.16.0' ],
25 silly audit   'types-registry': [ '0.1.746' ]
25 silly audit }
26 silly tarball no local data for types-registry@https://registry.npmjs.org/types-registry/-/types-registry-0.1.746.tgz. Extracting by manifest.
27 http fetch POST 200 https://registry.npmjs.org/-/npm/v1/security/advisories/bulk 256ms
28 silly audit report {}
29 http fetch GET 200 https://registry.npmjs.org/types-registry/-/types-registry-0.1.746.tgz 296ms (cache miss)
30 silly CHANGE node_modules/types-registry
31 verbose cwd /root/.cache/typescript/5.9
32 verbose os Linux 5.15.0-113-generic
33 verbose node v20.19.5
34 verbose npm  v10.8.2
35 verbose exit 0
36 info ok
