0 verbose cli /usr/bin/node /usr/bin/npm
1 info using npm@10.8.2
2 info using node@v20.19.5
3 silly config load:file:/usr/lib/node_modules/npm/npmrc
4 silly config load:file:/root/.npmrc
5 silly config load:file:/usr/etc/npmrc
6 verbose title npm install pm2
7 verbose argv "install" "--global" "pm2"
8 verbose logfile logs-max:10 dir:/root/.npm/_logs/2025-11-14T07_29_10_508Z-
9 verbose logfile /root/.npm/_logs/2025-11-14T07_29_10_508Z-debug-0.log
10 silly packumentCache heap:1054867456 maxSize:263716864 maxEntrySize:131858432
11 silly logfile start cleaning logs, removing 1 files
12 silly logfile done cleaning log files
13 silly idealTree buildDeps
14 silly fetch manifest pm2@*
15 silly packumentCache full:https://registry.npmjs.org/pm2 cache-miss
16 http fetch GET 200 https://registry.npmjs.org/pm2 266ms (cache miss)
17 silly packumentCache full:https://registry.npmjs.org/pm2 set size:undefined disposed:false
18 silly placeDep ROOT pm2@6.0.13 OK for:  want: *
19 silly fetch manifest @pm2/agent@~2.1.1
20 silly packumentCache full:https://registry.npmjs.org/@pm2%2fagent cache-miss
21 http fetch GET 200 https://registry.npmjs.org/@pm2%2fagent 54ms (cache miss)
22 silly packumentCache full:https://registry.npmjs.org/@pm2%2fagent set size:undefined disposed:false
23 silly fetch manifest @pm2/js-api@~0.8.0
24 silly packumentCache full:https://registry.npmjs.org/@pm2%2fjs-api cache-miss
25 http fetch GET 200 https://registry.npmjs.org/@pm2%2fjs-api 53ms (cache miss)
26 silly packumentCache full:https://registry.npmjs.org/@pm2%2fjs-api set size:undefined disposed:false
27 silly fetch manifest @pm2/io@~6.1.0
28 silly packumentCache full:https://registry.npmjs.org/@pm2%2fio cache-miss
29 http fetch GET 200 https://registry.npmjs.org/@pm2%2fio 75ms (cache miss)
30 silly packumentCache full:https://registry.npmjs.org/@pm2%2fio set size:undefined disposed:false
31 silly fetch manifest @pm2/pm2-version-check@latest
32 silly packumentCache full:https://registry.npmjs.org/@pm2%2fpm2-version-check cache-miss
33 http fetch GET 200 https://registry.npmjs.org/@pm2%2fpm2-version-check 66ms (cache miss)
34 silly packumentCache full:https://registry.npmjs.org/@pm2%2fpm2-version-check set size:undefined disposed:false
35 silly fetch manifest ansis@4.0.0-node10
36 silly packumentCache full:https://registry.npmjs.org/ansis cache-miss
37 http fetch GET 200 https://registry.npmjs.org/ansis 34ms (cache miss)
38 silly packumentCache full:https://registry.npmjs.org/ansis set size:undefined disposed:false
39 silly fetch manifest async@3.2.6
40 silly packumentCache full:https://registry.npmjs.org/async cache-miss
41 http fetch GET 200 https://registry.npmjs.org/async 36ms (cache miss)
42 silly packumentCache full:https://registry.npmjs.org/async set size:undefined disposed:false
43 silly fetch manifest @pm2/blessed@0.1.81
44 silly packumentCache full:https://registry.npmjs.org/@pm2%2fblessed cache-miss
45 http fetch GET 200 https://registry.npmjs.org/@pm2%2fblessed 51ms (cache miss)
46 silly packumentCache full:https://registry.npmjs.org/@pm2%2fblessed set size:undefined disposed:false
47 silly fetch manifest chokidar@3.6.0
48 silly packumentCache full:https://registry.npmjs.org/chokidar cache-miss
49 http fetch GET 200 https://registry.npmjs.org/chokidar 46ms (cache miss)
50 silly packumentCache full:https://registry.npmjs.org/chokidar set size:undefined disposed:false
51 silly fetch manifest cli-tableau@2.0.1
52 silly packumentCache full:https://registry.npmjs.org/cli-tableau cache-miss
53 http fetch GET 200 https://registry.npmjs.org/cli-tableau 37ms (cache miss)
54 silly packumentCache full:https://registry.npmjs.org/cli-tableau set size:undefined disposed:false
55 silly fetch manifest commander@2.15.1
56 silly packumentCache full:https://registry.npmjs.org/commander cache-miss
57 http fetch GET 200 https://registry.npmjs.org/commander 42ms (cache miss)
58 silly packumentCache full:https://registry.npmjs.org/commander set size:undefined disposed:false
59 silly fetch manifest croner@4.1.97
60 silly packumentCache full:https://registry.npmjs.org/croner cache-miss
61 http fetch GET 200 https://registry.npmjs.org/croner 67ms (cache miss)
62 silly packumentCache full:https://registry.npmjs.org/croner set size:undefined disposed:false
63 silly fetch manifest dayjs@1.11.15
64 silly packumentCache full:https://registry.npmjs.org/dayjs cache-miss
65 http fetch GET 200 https://registry.npmjs.org/dayjs 46ms (cache miss)
66 silly packumentCache full:https://registry.npmjs.org/dayjs set size:undefined disposed:false
67 silly fetch manifest debug@4.4.3
68 silly packumentCache full:https://registry.npmjs.org/debug cache-miss
69 http fetch GET 200 https://registry.npmjs.org/debug 42ms (cache revalidated)
70 silly packumentCache full:https://registry.npmjs.org/debug set size:195840 disposed:false
71 silly fetch manifest enquirer@2.3.6
72 silly packumentCache full:https://registry.npmjs.org/enquirer cache-miss
73 http fetch GET 200 https://registry.npmjs.org/enquirer 34ms (cache miss)
74 silly packumentCache full:https://registry.npmjs.org/enquirer set size:undefined disposed:false
75 silly fetch manifest eventemitter2@5.0.1
76 silly packumentCache full:https://registry.npmjs.org/eventemitter2 cache-miss
77 http fetch GET 200 https://registry.npmjs.org/eventemitter2 38ms (cache miss)
78 silly packumentCache full:https://registry.npmjs.org/eventemitter2 set size:undefined disposed:false
79 silly fetch manifest fclone@1.0.11
80 silly packumentCache full:https://registry.npmjs.org/fclone cache-miss
81 http fetch GET 200 https://registry.npmjs.org/fclone 45ms (cache miss)
82 silly packumentCache full:https://registry.npmjs.org/fclone set size:undefined disposed:false
83 silly fetch manifest mkdirp@1.0.4
84 silly packumentCache full:https://registry.npmjs.org/mkdirp cache-miss
85 http fetch GET 200 https://registry.npmjs.org/mkdirp 35ms (cache miss)
86 silly packumentCache full:https://registry.npmjs.org/mkdirp set size:undefined disposed:false
87 silly fetch manifest needle@2.4.0
88 silly packumentCache full:https://registry.npmjs.org/needle cache-miss
89 http fetch GET 200 https://registry.npmjs.org/needle 33ms (cache miss)
90 silly packumentCache full:https://registry.npmjs.org/needle set size:undefined disposed:false
91 silly fetch manifest pidusage@3.0.2
92 silly packumentCache full:https://registry.npmjs.org/pidusage cache-miss
93 http fetch GET 200 https://registry.npmjs.org/pidusage 30ms (cache miss)
94 silly packumentCache full:https://registry.npmjs.org/pidusage set size:undefined disposed:false
95 silly fetch manifest pm2-axon@~4.0.1
96 silly packumentCache full:https://registry.npmjs.org/pm2-axon cache-miss
97 http fetch GET 200 https://registry.npmjs.org/pm2-axon 43ms (cache miss)
98 silly packumentCache full:https://registry.npmjs.org/pm2-axon set size:undefined disposed:false
99 silly fetch manifest pm2-axon-rpc@~0.7.1
100 silly packumentCache full:https://registry.npmjs.org/pm2-axon-rpc cache-miss
101 http fetch GET 200 https://registry.npmjs.org/pm2-axon-rpc 29ms (cache miss)
102 silly packumentCache full:https://registry.npmjs.org/pm2-axon-rpc set size:undefined disposed:false
103 silly fetch manifest pm2-deploy@~1.0.2
104 silly packumentCache full:https://registry.npmjs.org/pm2-deploy cache-miss
105 http fetch GET 200 https://registry.npmjs.org/pm2-deploy 37ms (cache miss)
106 silly packumentCache full:https://registry.npmjs.org/pm2-deploy set size:undefined disposed:false
107 silly fetch manifest pm2-multimeter@^0.1.2
108 silly packumentCache full:https://registry.npmjs.org/pm2-multimeter cache-miss
109 http fetch GET 200 https://registry.npmjs.org/pm2-multimeter 32ms (cache miss)
110 silly packumentCache full:https://registry.npmjs.org/pm2-multimeter set size:undefined disposed:false
111 silly fetch manifest promptly@2.2.0
112 silly packumentCache full:https://registry.npmjs.org/promptly cache-miss
113 http fetch GET 200 https://registry.npmjs.org/promptly 30ms (cache miss)
114 silly packumentCache full:https://registry.npmjs.org/promptly set size:undefined disposed:false
115 silly fetch manifest semver@7.7.2
116 silly packumentCache full:https://registry.npmjs.org/semver cache-miss
117 http fetch GET 200 https://registry.npmjs.org/semver 33ms (cache miss)
118 silly packumentCache full:https://registry.npmjs.org/semver set size:undefined disposed:false
119 silly fetch manifest source-map-support@0.5.21
120 silly packumentCache full:https://registry.npmjs.org/source-map-support cache-miss
121 http fetch GET 200 https://registry.npmjs.org/source-map-support 29ms (cache miss)
122 silly packumentCache full:https://registry.npmjs.org/source-map-support set size:undefined disposed:false
123 silly fetch manifest sprintf-js@1.1.2
124 silly packumentCache full:https://registry.npmjs.org/sprintf-js cache-miss
125 http fetch GET 200 https://registry.npmjs.org/sprintf-js 55ms (cache miss)
126 silly packumentCache full:https://registry.npmjs.org/sprintf-js set size:undefined disposed:false
127 silly fetch manifest vizion@~2.2.1
128 silly packumentCache full:https://registry.npmjs.org/vizion cache-miss
129 http fetch GET 200 https://registry.npmjs.org/vizion 39ms (cache miss)
130 silly packumentCache full:https://registry.npmjs.org/vizion set size:undefined disposed:false
131 silly fetch manifest js-yaml@4.1.0
132 silly packumentCache full:https://registry.npmjs.org/js-yaml cache-miss
133 http fetch GET 200 https://registry.npmjs.org/js-yaml 35ms (cache miss)
134 silly packumentCache full:https://registry.npmjs.org/js-yaml set size:undefined disposed:false
135 silly fetch manifest pm2-sysmonit@^1.2.8
136 silly packumentCache full:https://registry.npmjs.org/pm2-sysmonit cache-miss
137 http fetch GET 200 https://registry.npmjs.org/pm2-sysmonit 30ms (cache miss)
138 silly packumentCache full:https://registry.npmjs.org/pm2-sysmonit set size:undefined disposed:false
139 silly placeDep node_modules/pm2 @pm2/agent@2.1.1 OK for: pm2@6.0.13 want: ~2.1.1
140 silly placeDep node_modules/pm2 @pm2/blessed@0.1.81 OK for: pm2@6.0.13 want: 0.1.81
141 silly placeDep node_modules/pm2 @pm2/io@6.1.0 OK for: pm2@6.0.13 want: ~6.1.0
142 silly placeDep node_modules/pm2 @pm2/js-api@0.8.0 OK for: pm2@6.0.13 want: ~0.8.0
143 silly placeDep node_modules/pm2 @pm2/pm2-version-check@1.0.4 OK for: pm2@6.0.13 want: latest
144 silly placeDep node_modules/pm2 ansis@4.0.0-node10 OK for: pm2@6.0.13 want: 4.0.0-node10
145 silly placeDep node_modules/pm2 async@3.2.6 OK for: pm2@6.0.13 want: 3.2.6
146 silly placeDep node_modules/pm2 chokidar@3.6.0 OK for: pm2@6.0.13 want: 3.6.0
147 silly placeDep node_modules/pm2 cli-tableau@2.0.1 OK for: pm2@6.0.13 want: 2.0.1
148 silly placeDep node_modules/pm2 commander@2.15.1 OK for: pm2@6.0.13 want: 2.15.1
149 silly placeDep node_modules/pm2 croner@4.1.97 OK for: pm2@6.0.13 want: 4.1.97
150 silly placeDep node_modules/pm2 dayjs@1.11.15 OK for: pm2@6.0.13 want: 1.11.15
151 silly placeDep node_modules/pm2 debug@4.4.3 OK for: pm2@6.0.13 want: 4.4.3
152 silly placeDep node_modules/pm2 enquirer@2.3.6 OK for: pm2@6.0.13 want: 2.3.6
153 silly placeDep node_modules/pm2 eventemitter2@5.0.1 OK for: pm2@6.0.13 want: 5.0.1
154 silly placeDep node_modules/pm2 fclone@1.0.11 OK for: pm2@6.0.13 want: 1.0.11
155 silly placeDep node_modules/pm2 js-yaml@4.1.0 OK for: pm2@6.0.13 want: 4.1.0
156 silly placeDep node_modules/pm2 mkdirp@1.0.4 OK for: pm2@6.0.13 want: 1.0.4
157 silly placeDep node_modules/pm2 needle@2.4.0 OK for: pm2@6.0.13 want: 2.4.0
158 silly placeDep node_modules/pm2 pidusage@3.0.2 OK for: pm2@6.0.13 want: 3.0.2
159 silly placeDep node_modules/pm2 pm2-axon@4.0.1 OK for: pm2@6.0.13 want: ~4.0.1
160 silly placeDep node_modules/pm2 pm2-axon-rpc@0.7.1 OK for: pm2@6.0.13 want: ~0.7.1
161 silly placeDep node_modules/pm2 pm2-deploy@1.0.2 OK for: pm2@6.0.13 want: ~1.0.2
162 silly placeDep node_modules/pm2 pm2-multimeter@0.1.2 OK for: pm2@6.0.13 want: ^0.1.2
163 silly placeDep node_modules/pm2 pm2-sysmonit@1.2.8 OK for: pm2@6.0.13 want: ^1.2.8
164 silly placeDep node_modules/pm2 promptly@2.2.0 OK for: pm2@6.0.13 want: 2.2.0
165 silly placeDep node_modules/pm2 semver@7.7.2 OK for: pm2@6.0.13 want: 7.7.2
166 silly placeDep node_modules/pm2 source-map-support@0.5.21 OK for: pm2@6.0.13 want: 0.5.21
167 silly placeDep node_modules/pm2 sprintf-js@1.1.2 OK for: pm2@6.0.13 want: 1.1.2
168 silly placeDep node_modules/pm2 vizion@2.2.1 OK for: pm2@6.0.13 want: ~2.2.1
169 silly fetch manifest async@~3.2.0
170 silly packumentCache full:https://registry.npmjs.org/async cache-miss
171 http fetch GET 200 https://registry.npmjs.org/async 6ms (cache hit)
172 silly packumentCache full:https://registry.npmjs.org/async set size:230496 disposed:false
173 silly fetch manifest chalk@~3.0.0
174 silly packumentCache full:https://registry.npmjs.org/chalk cache-miss
175 http fetch GET 200 https://registry.npmjs.org/chalk 29ms (cache miss)
176 silly packumentCache full:https://registry.npmjs.org/chalk set size:undefined disposed:false
177 silly fetch manifest dayjs@~1.8.24
178 silly packumentCache full:https://registry.npmjs.org/dayjs cache-miss
179 http fetch GET 200 https://registry.npmjs.org/dayjs 12ms (cache hit)
180 silly packumentCache full:https://registry.npmjs.org/dayjs set size:483478 disposed:false
181 silly fetch manifest debug@~4.3.1
182 silly packumentCache full:https://registry.npmjs.org/debug cache-hit
183 silly fetch manifest eventemitter2@~5.0.1
184 silly packumentCache full:https://registry.npmjs.org/eventemitter2 cache-miss
185 http fetch GET 200 https://registry.npmjs.org/eventemitter2 4ms (cache hit)
186 silly packumentCache full:https://registry.npmjs.org/eventemitter2 set size:172525 disposed:false
187 silly fetch manifest fast-json-patch@^3.1.0
188 silly packumentCache full:https://registry.npmjs.org/fast-json-patch cache-miss
189 http fetch GET 200 https://registry.npmjs.org/fast-json-patch 30ms (cache miss)
190 silly packumentCache full:https://registry.npmjs.org/fast-json-patch set size:undefined disposed:false
191 silly fetch manifest fclone@~1.0.11
192 silly packumentCache full:https://registry.npmjs.org/fclone cache-miss
193 http fetch GET 200 https://registry.npmjs.org/fclone 11ms (cache hit)
194 silly packumentCache full:https://registry.npmjs.org/fclone set size:19653 disposed:false
195 silly fetch manifest pm2-axon-rpc@~0.7.0
196 silly packumentCache full:https://registry.npmjs.org/pm2-axon-rpc cache-miss
197 http fetch GET 200 https://registry.npmjs.org/pm2-axon-rpc 5ms (cache hit)
198 silly packumentCache full:https://registry.npmjs.org/pm2-axon-rpc set size:41743 disposed:false
199 silly fetch manifest proxy-agent@~6.4.0
200 silly packumentCache full:https://registry.npmjs.org/proxy-agent cache-miss
201 http fetch GET 200 https://registry.npmjs.org/proxy-agent 41ms (cache miss)
202 silly packumentCache full:https://registry.npmjs.org/proxy-agent set size:undefined disposed:false
203 silly fetch manifest semver@~7.5.0
204 silly packumentCache full:https://registry.npmjs.org/semver cache-miss
205 http fetch GET 200 https://registry.npmjs.org/semver 4ms (cache hit)
206 silly packumentCache full:https://registry.npmjs.org/semver set size:226907 disposed:false
207 silly fetch manifest ws@~7.5.10
208 silly packumentCache full:https://registry.npmjs.org/ws cache-miss
209 http fetch GET 200 https://registry.npmjs.org/ws 101ms (cache miss)
210 silly packumentCache full:https://registry.npmjs.org/ws set size:undefined disposed:false
211 silly fetch manifest async@~2.6.1
212 silly packumentCache full:https://registry.npmjs.org/async cache-hit
213 silly fetch manifest eventemitter2@^6.3.1
214 silly packumentCache full:https://registry.npmjs.org/eventemitter2 cache-hit
215 silly fetch manifest require-in-the-middle@^5.0.0
216 silly packumentCache full:https://registry.npmjs.org/require-in-the-middle cache-miss
217 http fetch GET 200 https://registry.npmjs.org/require-in-the-middle 36ms (cache miss)
218 silly packumentCache full:https://registry.npmjs.org/require-in-the-middle set size:undefined disposed:false
219 silly fetch manifest semver@~7.5.4
220 silly packumentCache full:https://registry.npmjs.org/semver cache-hit
221 silly fetch manifest shimmer@^1.2.0
222 silly packumentCache full:https://registry.npmjs.org/shimmer cache-miss
223 http fetch GET 200 https://registry.npmjs.org/shimmer 30ms (cache miss)
224 silly packumentCache full:https://registry.npmjs.org/shimmer set size:undefined disposed:false
225 silly fetch manifest signal-exit@^3.0.3
226 silly packumentCache full:https://registry.npmjs.org/signal-exit cache-miss
227 http fetch GET 200 https://registry.npmjs.org/signal-exit 27ms (cache miss)
228 silly packumentCache full:https://registry.npmjs.org/signal-exit set size:undefined disposed:false
229 silly fetch manifest tslib@1.9.3
230 silly packumentCache full:https://registry.npmjs.org/tslib cache-miss
231 http fetch GET 200 https://registry.npmjs.org/tslib 45ms (cache miss)
232 silly packumentCache full:https://registry.npmjs.org/tslib set size:undefined disposed:false
233 silly fetch manifest async@^2.6.3
234 silly packumentCache full:https://registry.npmjs.org/async cache-hit
235 silly fetch manifest extrareqp2@^1.0.0
236 silly packumentCache full:https://registry.npmjs.org/extrareqp2 cache-miss
237 http fetch GET 200 https://registry.npmjs.org/extrareqp2 36ms (cache miss)
238 silly packumentCache full:https://registry.npmjs.org/extrareqp2 set size:undefined disposed:false
239 silly fetch manifest ws@^7.0.0
240 silly packumentCache full:https://registry.npmjs.org/ws cache-miss
241 http fetch GET 200 https://registry.npmjs.org/ws 6ms (cache hit)
242 silly packumentCache full:https://registry.npmjs.org/ws set size:410885 disposed:false
243 silly fetch manifest debug@^4.3.1
244 silly packumentCache full:https://registry.npmjs.org/debug cache-hit
245 silly fetch manifest braces@~3.0.2
246 silly packumentCache full:https://registry.npmjs.org/braces cache-miss
247 http fetch GET 200 https://registry.npmjs.org/braces 37ms (cache miss)
248 silly packumentCache full:https://registry.npmjs.org/braces set size:undefined disposed:false
249 silly fetch manifest is-glob@~4.0.1
250 silly packumentCache full:https://registry.npmjs.org/is-glob cache-miss
251 http fetch GET 200 https://registry.npmjs.org/is-glob 27ms (cache miss)
252 silly packumentCache full:https://registry.npmjs.org/is-glob set size:undefined disposed:false
253 silly fetch manifest anymatch@~3.1.2
254 silly packumentCache full:https://registry.npmjs.org/anymatch cache-miss
255 http fetch GET 200 https://registry.npmjs.org/anymatch 26ms (cache miss)
256 silly packumentCache full:https://registry.npmjs.org/anymatch set size:undefined disposed:false
257 silly fetch manifest readdirp@~3.6.0
258 silly packumentCache full:https://registry.npmjs.org/readdirp cache-miss
259 http fetch GET 200 https://registry.npmjs.org/readdirp 45ms (cache miss)
260 silly packumentCache full:https://registry.npmjs.org/readdirp set size:undefined disposed:false
261 silly fetch manifest glob-parent@~5.1.2
262 silly packumentCache full:https://registry.npmjs.org/glob-parent cache-miss
263 http fetch GET 200 https://registry.npmjs.org/glob-parent 42ms (cache miss)
264 silly packumentCache full:https://registry.npmjs.org/glob-parent set size:undefined disposed:false
265 silly fetch manifest is-binary-path@~2.1.0
266 silly packumentCache full:https://registry.npmjs.org/is-binary-path cache-miss
267 http fetch GET 200 https://registry.npmjs.org/is-binary-path 29ms (cache miss)
268 silly packumentCache full:https://registry.npmjs.org/is-binary-path set size:undefined disposed:false
269 silly fetch manifest normalize-path@~3.0.0
270 silly packumentCache full:https://registry.npmjs.org/normalize-path cache-miss
271 http fetch GET 200 https://registry.npmjs.org/normalize-path 29ms (cache miss)
272 silly packumentCache full:https://registry.npmjs.org/normalize-path set size:undefined disposed:false
273 silly fetch manifest fsevents@~2.3.2
274 silly packumentCache full:https://registry.npmjs.org/fsevents cache-miss
275 http fetch GET 200 https://registry.npmjs.org/fsevents 29ms (cache revalidated)
276 silly packumentCache full:https://registry.npmjs.org/fsevents set size:182472 disposed:false
277 silly fetch manifest chalk@3.0.0
278 silly packumentCache full:https://registry.npmjs.org/chalk cache-miss
279 http fetch GET 200 https://registry.npmjs.org/chalk 4ms (cache hit)
280 silly packumentCache full:https://registry.npmjs.org/chalk set size:117861 disposed:false
281 silly fetch manifest ms@^2.1.3
282 silly packumentCache full:https://registry.npmjs.org/ms cache-miss
283 http fetch GET 200 https://registry.npmjs.org/ms 32ms (cache revalidated)
284 silly packumentCache full:https://registry.npmjs.org/ms set size:92208 disposed:false
285 silly fetch manifest ansi-colors@^4.1.1
286 silly packumentCache full:https://registry.npmjs.org/ansi-colors cache-miss
287 http fetch GET 200 https://registry.npmjs.org/ansi-colors 87ms (cache miss)
288 silly packumentCache full:https://registry.npmjs.org/ansi-colors set size:undefined disposed:false
289 silly fetch manifest argparse@^2.0.1
290 silly packumentCache full:https://registry.npmjs.org/argparse cache-miss
291 http fetch GET 200 https://registry.npmjs.org/argparse 29ms (cache miss)
292 silly packumentCache full:https://registry.npmjs.org/argparse set size:undefined disposed:false
293 silly fetch manifest debug@^3.2.6
294 silly packumentCache full:https://registry.npmjs.org/debug cache-hit
295 silly fetch manifest iconv-lite@^0.4.4
296 silly packumentCache full:https://registry.npmjs.org/iconv-lite cache-miss
297 http fetch GET 200 https://registry.npmjs.org/iconv-lite 31ms (cache miss)
298 silly packumentCache full:https://registry.npmjs.org/iconv-lite set size:undefined disposed:false
299 silly fetch manifest sax@^1.2.4
300 silly packumentCache full:https://registry.npmjs.org/sax cache-miss
301 http fetch GET 200 https://registry.npmjs.org/sax 26ms (cache miss)
302 silly packumentCache full:https://registry.npmjs.org/sax set size:undefined disposed:false
303 silly fetch manifest safe-buffer@^5.2.1
304 silly packumentCache full:https://registry.npmjs.org/safe-buffer cache-miss
305 http fetch GET 200 https://registry.npmjs.org/safe-buffer 29ms (cache miss)
306 silly packumentCache full:https://registry.npmjs.org/safe-buffer set size:undefined disposed:false
307 silly fetch manifest amp@~0.3.1
308 silly packumentCache full:https://registry.npmjs.org/amp cache-miss
309 http fetch GET 200 https://registry.npmjs.org/amp 26ms (cache miss)
310 silly packumentCache full:https://registry.npmjs.org/amp set size:undefined disposed:false
311 silly fetch manifest amp-message@~0.1.1
312 silly packumentCache full:https://registry.npmjs.org/amp-message cache-miss
313 http fetch GET 200 https://registry.npmjs.org/amp-message 30ms (cache miss)
314 silly packumentCache full:https://registry.npmjs.org/amp-message set size:undefined disposed:false
315 silly fetch manifest escape-string-regexp@^4.0.0
316 silly packumentCache full:https://registry.npmjs.org/escape-string-regexp cache-miss
317 http fetch GET 200 https://registry.npmjs.org/escape-string-regexp 30ms (cache miss)
318 silly packumentCache full:https://registry.npmjs.org/escape-string-regexp set size:undefined disposed:false
319 silly fetch manifest run-series@^1.1.8
320 silly packumentCache full:https://registry.npmjs.org/run-series cache-miss
321 http fetch GET 200 https://registry.npmjs.org/run-series 33ms (cache miss)
322 silly packumentCache full:https://registry.npmjs.org/run-series set size:undefined disposed:false
323 silly fetch manifest tv4@^1.3.0
324 silly packumentCache full:https://registry.npmjs.org/tv4 cache-miss
325 http fetch GET 200 https://registry.npmjs.org/tv4 41ms (cache miss)
326 silly packumentCache full:https://registry.npmjs.org/tv4 set size:undefined disposed:false
327 silly fetch manifest charm@~0.1.1
328 silly packumentCache full:https://registry.npmjs.org/charm cache-miss
329 http fetch GET 200 https://registry.npmjs.org/charm 42ms (cache miss)
330 silly packumentCache full:https://registry.npmjs.org/charm set size:undefined disposed:false
331 silly fetch manifest pidusage@^2.0.21
332 silly packumentCache full:https://registry.npmjs.org/pidusage cache-miss
333 http fetch GET 200 https://registry.npmjs.org/pidusage 5ms (cache hit)
334 silly packumentCache full:https://registry.npmjs.org/pidusage set size:111034 disposed:false
335 silly fetch manifest systeminformation@^5.7
336 silly packumentCache full:https://registry.npmjs.org/systeminformation cache-miss
337 http fetch GET 200 https://registry.npmjs.org/systeminformation 76ms (cache miss)
338 silly packumentCache full:https://registry.npmjs.org/systeminformation set size:undefined disposed:false
339 silly fetch manifest tx2@~1.0.4
340 silly packumentCache full:https://registry.npmjs.org/tx2 cache-miss
341 http fetch GET 200 https://registry.npmjs.org/tx2 68ms (cache miss)
342 silly packumentCache full:https://registry.npmjs.org/tx2 set size:undefined disposed:false
343 silly fetch manifest read@^1.0.4
344 silly packumentCache full:https://registry.npmjs.org/read cache-miss
345 http fetch GET 200 https://registry.npmjs.org/read 631ms (cache miss)
346 silly packumentCache full:https://registry.npmjs.org/read set size:undefined disposed:false
347 silly fetch manifest buffer-from@^1.0.0
348 silly packumentCache full:https://registry.npmjs.org/buffer-from cache-miss
349 http fetch GET 200 https://registry.npmjs.org/buffer-from 30ms (cache miss)
350 silly packumentCache full:https://registry.npmjs.org/buffer-from set size:undefined disposed:false
351 silly fetch manifest source-map@^0.6.0
352 silly packumentCache full:https://registry.npmjs.org/source-map cache-miss
353 http fetch GET 200 https://registry.npmjs.org/source-map 40ms (cache miss)
354 silly packumentCache full:https://registry.npmjs.org/source-map set size:undefined disposed:false
355 silly fetch manifest git-node-fs@^1.0.0
356 silly packumentCache full:https://registry.npmjs.org/git-node-fs cache-miss
357 http fetch GET 200 https://registry.npmjs.org/git-node-fs 25ms (cache miss)
358 silly packumentCache full:https://registry.npmjs.org/git-node-fs set size:undefined disposed:false
359 silly fetch manifest ini@^1.3.5
360 silly packumentCache full:https://registry.npmjs.org/ini cache-miss
361 http fetch GET 200 https://registry.npmjs.org/ini 34ms (cache miss)
362 silly packumentCache full:https://registry.npmjs.org/ini set size:undefined disposed:false
363 silly fetch manifest js-git@^0.7.8
364 silly packumentCache full:https://registry.npmjs.org/js-git cache-miss
365 http fetch GET 200 https://registry.npmjs.org/js-git 36ms (cache miss)
366 silly packumentCache full:https://registry.npmjs.org/js-git set size:undefined disposed:false
367 silly fetch manifest bufferutil@^4.0.1
368 silly packumentCache full:https://registry.npmjs.org/bufferutil cache-miss
369 http fetch GET 200 https://registry.npmjs.org/bufferutil 28ms (cache miss)
370 silly packumentCache full:https://registry.npmjs.org/bufferutil set size:undefined disposed:false
371 silly fetch manifest utf-8-validate@^5.0.2
372 silly packumentCache full:https://registry.npmjs.org/utf-8-validate cache-miss
373 http fetch GET 200 https://registry.npmjs.org/utf-8-validate 36ms (cache miss)
374 silly packumentCache full:https://registry.npmjs.org/utf-8-validate set size:undefined disposed:false
375 silly placeDep node_modules/pm2 chalk@3.0.0 OK for: @pm2/agent@2.1.1 want: ~3.0.0
376 silly placeDep node_modules/pm2/node_modules/@pm2/agent dayjs@1.8.36 OK for: @pm2/agent@2.1.1 want: ~1.8.24
377 silly placeDep node_modules/pm2/node_modules/@pm2/agent debug@4.3.7 OK for: @pm2/agent@2.1.1 want: ~4.3.1
378 silly placeDep node_modules/pm2 fast-json-patch@3.1.1 OK for: @pm2/agent@2.1.1 want: ^3.1.0
379 silly placeDep node_modules/pm2 proxy-agent@6.4.0 OK for: @pm2/agent@2.1.1 want: ~6.4.0
380 silly placeDep node_modules/pm2/node_modules/@pm2/agent semver@7.5.4 OK for: @pm2/agent@2.1.1 want: ~7.5.0
381 silly placeDep node_modules/pm2 ws@7.5.10 OK for: @pm2/agent@2.1.1 want: ~7.5.10
382 silly fetch manifest ansi-styles@^4.1.0
383 silly packumentCache full:https://registry.npmjs.org/ansi-styles cache-miss
384 http fetch GET 200 https://registry.npmjs.org/ansi-styles 45ms (cache miss)
385 silly packumentCache full:https://registry.npmjs.org/ansi-styles set size:undefined disposed:false
386 silly fetch manifest supports-color@^7.1.0
387 silly packumentCache full:https://registry.npmjs.org/supports-color cache-miss
388 http fetch GET 200 https://registry.npmjs.org/supports-color 39ms (cache miss)
389 silly packumentCache full:https://registry.npmjs.org/supports-color set size:undefined disposed:false
390 silly fetch manifest lru-cache@^7.14.1
391 silly packumentCache full:https://registry.npmjs.org/lru-cache cache-miss
392 http fetch GET 200 https://registry.npmjs.org/lru-cache 43ms (cache miss)
393 silly packumentCache full:https://registry.npmjs.org/lru-cache set size:undefined disposed:false
394 silly fetch manifest agent-base@^7.0.2
395 silly packumentCache full:https://registry.npmjs.org/agent-base cache-miss
396 http fetch GET 200 https://registry.npmjs.org/agent-base 45ms (cache miss)
397 silly packumentCache full:https://registry.npmjs.org/agent-base set size:undefined disposed:false
398 silly fetch manifest proxy-from-env@^1.1.0
399 silly packumentCache full:https://registry.npmjs.org/proxy-from-env cache-miss
400 http fetch GET 200 https://registry.npmjs.org/proxy-from-env 31ms (cache miss)
401 silly packumentCache full:https://registry.npmjs.org/proxy-from-env set size:undefined disposed:false
402 silly fetch manifest pac-proxy-agent@^7.0.1
403 silly packumentCache full:https://registry.npmjs.org/pac-proxy-agent cache-miss
404 http fetch GET 200 https://registry.npmjs.org/pac-proxy-agent 27ms (cache miss)
405 silly packumentCache full:https://registry.npmjs.org/pac-proxy-agent set size:undefined disposed:false
406 silly fetch manifest http-proxy-agent@^7.0.1
407 silly packumentCache full:https://registry.npmjs.org/http-proxy-agent cache-miss
408 http fetch GET 200 https://registry.npmjs.org/http-proxy-agent 37ms (cache miss)
409 silly packumentCache full:https://registry.npmjs.org/http-proxy-agent set size:undefined disposed:false
410 silly fetch manifest https-proxy-agent@^7.0.3
411 silly packumentCache full:https://registry.npmjs.org/https-proxy-agent cache-miss
412 http fetch GET 200 https://registry.npmjs.org/https-proxy-agent 42ms (cache miss)
413 silly packumentCache full:https://registry.npmjs.org/https-proxy-agent set size:undefined disposed:false
414 silly fetch manifest socks-proxy-agent@^8.0.2
415 silly packumentCache full:https://registry.npmjs.org/socks-proxy-agent cache-miss
416 http fetch GET 200 https://registry.npmjs.org/socks-proxy-agent 35ms (cache miss)
417 silly packumentCache full:https://registry.npmjs.org/socks-proxy-agent set size:undefined disposed:false
418 silly fetch manifest lru-cache@^6.0.0
419 silly packumentCache full:https://registry.npmjs.org/lru-cache cache-miss
420 http fetch GET 200 https://registry.npmjs.org/lru-cache 6ms (cache hit)
421 silly packumentCache full:https://registry.npmjs.org/lru-cache set size:400387 disposed:false
422 silly placeDep node_modules/pm2/node_modules/@pm2/io async@2.6.4 OK for: @pm2/io@6.1.0 want: ~2.6.1
423 silly placeDep node_modules/pm2/node_modules/@pm2/io debug@4.3.7 OK for: @pm2/io@6.1.0 want: ~4.3.1
424 silly placeDep node_modules/pm2/node_modules/@pm2/io eventemitter2@6.4.9 OK for: @pm2/io@6.1.0 want: ^6.3.1
425 silly placeDep node_modules/pm2 require-in-the-middle@5.2.0 OK for: @pm2/io@6.1.0 want: ^5.0.0
426 silly placeDep node_modules/pm2/node_modules/@pm2/io semver@7.5.4 OK for: @pm2/io@6.1.0 want: ~7.5.4
427 silly placeDep node_modules/pm2 shimmer@1.2.1 OK for: @pm2/io@6.1.0 want: ^1.2.0
428 silly placeDep node_modules/pm2 signal-exit@3.0.7 OK for: @pm2/io@6.1.0 want: ^3.0.3
429 silly placeDep node_modules/pm2 tslib@1.9.3 OK for: @pm2/io@6.1.0 want: 1.9.3
430 silly fetch manifest lodash@^4.17.14
431 silly packumentCache full:https://registry.npmjs.org/lodash cache-miss
432 http fetch GET 200 https://registry.npmjs.org/lodash 35ms (cache miss)
433 silly packumentCache full:https://registry.npmjs.org/lodash set size:undefined disposed:false
434 silly fetch manifest resolve@^1.22.1
435 silly packumentCache full:https://registry.npmjs.org/resolve cache-miss
436 http fetch GET 200 https://registry.npmjs.org/resolve 83ms (cache miss)
437 silly packumentCache full:https://registry.npmjs.org/resolve set size:undefined disposed:false
438 silly fetch manifest module-details-from-path@^1.0.3
439 silly packumentCache full:https://registry.npmjs.org/module-details-from-path cache-miss
440 http fetch GET 200 https://registry.npmjs.org/module-details-from-path 27ms (cache miss)
441 silly packumentCache full:https://registry.npmjs.org/module-details-from-path set size:undefined disposed:false
442 silly placeDep node_modules/pm2/node_modules/@pm2/js-api async@2.6.4 OK for: @pm2/js-api@0.8.0 want: ^2.6.3
443 silly placeDep node_modules/pm2/node_modules/@pm2/js-api debug@4.3.7 OK for: @pm2/js-api@0.8.0 want: ~4.3.1
444 silly placeDep node_modules/pm2/node_modules/@pm2/js-api eventemitter2@6.4.9 OK for: @pm2/js-api@0.8.0 want: ^6.3.1
445 silly placeDep node_modules/pm2 extrareqp2@1.0.0 OK for: @pm2/js-api@0.8.0 want: ^1.0.0
446 silly fetch manifest follow-redirects@^1.14.0
447 silly packumentCache full:https://registry.npmjs.org/follow-redirects cache-miss
448 http fetch GET 200 https://registry.npmjs.org/follow-redirects 36ms (cache miss)
449 silly packumentCache full:https://registry.npmjs.org/follow-redirects set size:undefined disposed:false
450 silly placeDep node_modules/pm2 ansi-styles@4.3.0 OK for: chalk@3.0.0 want: ^4.1.0
451 silly placeDep node_modules/pm2 supports-color@7.2.0 OK for: chalk@3.0.0 want: ^7.1.0
452 silly fetch manifest color-convert@^2.0.1
453 silly packumentCache full:https://registry.npmjs.org/color-convert cache-miss
454 http fetch GET 200 https://registry.npmjs.org/color-convert 30ms (cache miss)
455 silly packumentCache full:https://registry.npmjs.org/color-convert set size:undefined disposed:false
456 silly fetch manifest has-flag@^4.0.0
457 silly packumentCache full:https://registry.npmjs.org/has-flag cache-miss
458 http fetch GET 200 https://registry.npmjs.org/has-flag 30ms (cache miss)
459 silly packumentCache full:https://registry.npmjs.org/has-flag set size:undefined disposed:false
460 silly placeDep node_modules/pm2 color-convert@2.0.1 OK for: ansi-styles@4.3.0 want: ^2.0.1
461 silly fetch manifest color-name@~1.1.4
462 silly packumentCache full:https://registry.npmjs.org/color-name cache-miss
463 http fetch GET 200 https://registry.npmjs.org/color-name 43ms (cache miss)
464 silly packumentCache full:https://registry.npmjs.org/color-name set size:undefined disposed:false
465 silly placeDep node_modules/pm2 anymatch@3.1.3 OK for: chokidar@3.6.0 want: ~3.1.2
466 silly placeDep node_modules/pm2 braces@3.0.3 OK for: chokidar@3.6.0 want: ~3.0.2
467 silly placeDep node_modules/pm2 fsevents@2.3.3 OK for: chokidar@3.6.0 want: ~2.3.2
468 silly placeDep node_modules/pm2 glob-parent@5.1.2 OK for: chokidar@3.6.0 want: ~5.1.2
469 silly placeDep node_modules/pm2 is-binary-path@2.1.0 OK for: chokidar@3.6.0 want: ~2.1.0
470 silly placeDep node_modules/pm2 is-glob@4.0.3 OK for: chokidar@3.6.0 want: ~4.0.1
471 silly placeDep node_modules/pm2 normalize-path@3.0.0 OK for: chokidar@3.6.0 want: ~3.0.0
472 silly placeDep node_modules/pm2 readdirp@3.6.0 OK for: chokidar@3.6.0 want: ~3.6.0
473 silly fetch manifest picomatch@^2.0.4
474 silly packumentCache full:https://registry.npmjs.org/picomatch cache-miss
475 http fetch GET 200 https://registry.npmjs.org/picomatch 37ms (cache miss)
476 silly packumentCache full:https://registry.npmjs.org/picomatch set size:undefined disposed:false
477 silly fetch manifest normalize-path@^3.0.0
478 silly packumentCache full:https://registry.npmjs.org/normalize-path cache-miss
479 http fetch GET 200 https://registry.npmjs.org/normalize-path 4ms (cache hit)
480 silly packumentCache full:https://registry.npmjs.org/normalize-path set size:28713 disposed:false
481 silly fetch manifest fill-range@^7.1.1
482 silly packumentCache full:https://registry.npmjs.org/fill-range cache-miss
483 http fetch GET 200 https://registry.npmjs.org/fill-range 49ms (cache miss)
484 silly packumentCache full:https://registry.npmjs.org/fill-range set size:undefined disposed:false
485 silly fetch manifest is-glob@^4.0.1
486 silly packumentCache full:https://registry.npmjs.org/is-glob cache-miss
487 http fetch GET 200 https://registry.npmjs.org/is-glob 3ms (cache hit)
488 silly packumentCache full:https://registry.npmjs.org/is-glob set size:40530 disposed:false
489 silly fetch manifest binary-extensions@^2.0.0
490 silly packumentCache full:https://registry.npmjs.org/binary-extensions cache-miss
491 http fetch GET 200 https://registry.npmjs.org/binary-extensions 42ms (cache miss)
492 silly packumentCache full:https://registry.npmjs.org/binary-extensions set size:undefined disposed:false
493 silly fetch manifest is-extglob@^2.1.1
494 silly packumentCache full:https://registry.npmjs.org/is-extglob cache-miss
495 http fetch GET 200 https://registry.npmjs.org/is-extglob 35ms (cache miss)
496 silly packumentCache full:https://registry.npmjs.org/is-extglob set size:undefined disposed:false
497 silly fetch manifest picomatch@^2.2.1
498 silly packumentCache full:https://registry.npmjs.org/picomatch cache-miss
499 http fetch GET 200 https://registry.npmjs.org/picomatch 4ms (cache hit)
500 silly packumentCache full:https://registry.npmjs.org/picomatch set size:118818 disposed:false
501 silly placeDep node_modules/pm2 picomatch@2.3.1 OK for: anymatch@3.1.3 want: ^2.0.4
502 silly placeDep node_modules/pm2 fill-range@7.1.1 OK for: braces@3.0.3 want: ^7.1.1
503 silly fetch manifest to-regex-range@^5.0.1
504 silly packumentCache full:https://registry.npmjs.org/to-regex-range cache-miss
505 http fetch GET 200 https://registry.npmjs.org/to-regex-range 42ms (cache miss)
506 silly packumentCache full:https://registry.npmjs.org/to-regex-range set size:undefined disposed:false
507 silly placeDep node_modules/pm2 color-name@1.1.4 OK for: color-convert@2.0.1 want: ~1.1.4
508 silly placeDep node_modules/pm2 ms@2.1.3 OK for: debug@4.4.3 want: ^2.1.3
509 silly placeDep node_modules/pm2 ansi-colors@4.1.3 OK for: enquirer@2.3.6 want: ^4.1.1
510 silly placeDep node_modules/pm2 follow-redirects@1.15.11 OK for: extrareqp2@1.0.0 want: ^1.14.0
511 silly placeDep node_modules/pm2 to-regex-range@5.0.1 OK for: fill-range@7.1.1 want: ^5.0.1
512 silly fetch manifest is-number@^7.0.0
513 silly packumentCache full:https://registry.npmjs.org/is-number cache-miss
514 http fetch GET 200 https://registry.npmjs.org/is-number 42ms (cache miss)
515 silly packumentCache full:https://registry.npmjs.org/is-number set size:undefined disposed:false
516 silly placeDep node_modules/pm2 binary-extensions@2.3.0 OK for: is-binary-path@2.1.0 want: ^2.0.0
517 silly placeDep node_modules/pm2 is-extglob@2.1.1 OK for: is-glob@4.0.3 want: ^2.1.1
518 silly placeDep node_modules/pm2 argparse@2.0.1 OK for: js-yaml@4.1.0 want: ^2.0.1
519 silly placeDep node_modules/pm2/node_modules/needle debug@3.2.7 OK for: needle@2.4.0 want: ^3.2.6
520 silly placeDep node_modules/pm2 iconv-lite@0.4.24 OK for: needle@2.4.0 want: ^0.4.4
521 silly placeDep node_modules/pm2 sax@1.4.3 OK for: needle@2.4.0 want: ^1.2.4
522 silly fetch manifest safer-buffer@>= 2.1.2 < 3
523 silly packumentCache full:https://registry.npmjs.org/safer-buffer cache-miss
524 http fetch GET 200 https://registry.npmjs.org/safer-buffer 40ms (cache miss)
525 silly packumentCache full:https://registry.npmjs.org/safer-buffer set size:undefined disposed:false
526 silly placeDep node_modules/pm2 safer-buffer@2.1.2 OK for: iconv-lite@0.4.24 want: >= 2.1.2 < 3
527 silly placeDep node_modules/pm2 safe-buffer@5.2.1 OK for: pidusage@3.0.2 want: ^5.2.1
528 silly placeDep node_modules/pm2 amp@0.3.1 OK for: pm2-axon@4.0.1 want: ~0.3.1
529 silly placeDep node_modules/pm2 amp-message@0.1.2 OK for: pm2-axon@4.0.1 want: ~0.1.1
530 silly placeDep node_modules/pm2 escape-string-regexp@4.0.0 OK for: pm2-axon@4.0.1 want: ^4.0.0
531 silly placeDep node_modules/pm2 run-series@1.1.9 OK for: pm2-deploy@1.0.2 want: ^1.1.8
532 silly placeDep node_modules/pm2 tv4@1.3.0 OK for: pm2-deploy@1.0.2 want: ^1.3.0
533 silly placeDep node_modules/pm2 charm@0.1.2 OK for: pm2-multimeter@0.1.2 want: ~0.1.1
534 silly placeDep node_modules/pm2/node_modules/pm2-sysmonit pidusage@2.0.21 OK for: pm2-sysmonit@1.2.8 want: ^2.0.21
535 silly placeDep node_modules/pm2 systeminformation@5.27.11 OK for: pm2-sysmonit@1.2.8 want: ^5.7
536 silly placeDep node_modules/pm2 tx2@1.0.5 OK for: pm2-sysmonit@1.2.8 want: ~1.0.4
537 silly fetch manifest json-stringify-safe@^5.0.1
538 silly packumentCache full:https://registry.npmjs.org/json-stringify-safe cache-miss
539 http fetch GET 200 https://registry.npmjs.org/json-stringify-safe 29ms (cache miss)
540 silly packumentCache full:https://registry.npmjs.org/json-stringify-safe set size:undefined disposed:false
541 silly placeDep node_modules/pm2 read@1.0.7 OK for: promptly@2.2.0 want: ^1.0.4
542 silly fetch manifest mute-stream@~0.0.4
543 silly packumentCache full:https://registry.npmjs.org/mute-stream cache-miss
544 http fetch GET 200 https://registry.npmjs.org/mute-stream 28ms (cache miss)
545 silly packumentCache full:https://registry.npmjs.org/mute-stream set size:undefined disposed:false
546 silly placeDep node_modules/pm2 agent-base@7.1.4 OK for: proxy-agent@6.4.0 want: ^7.0.2
547 silly placeDep node_modules/pm2 http-proxy-agent@7.0.2 OK for: proxy-agent@6.4.0 want: ^7.0.1
548 silly placeDep node_modules/pm2 https-proxy-agent@7.0.6 OK for: proxy-agent@6.4.0 want: ^7.0.3
549 silly placeDep node_modules/pm2 lru-cache@7.18.3 OK for: proxy-agent@6.4.0 want: ^7.14.1
550 silly placeDep node_modules/pm2 pac-proxy-agent@7.2.0 OK for: proxy-agent@6.4.0 want: ^7.0.1
551 silly placeDep node_modules/pm2 proxy-from-env@1.1.0 OK for: proxy-agent@6.4.0 want: ^1.1.0
552 silly placeDep node_modules/pm2 socks-proxy-agent@8.0.5 OK for: proxy-agent@6.4.0 want: ^8.0.2
553 silly fetch manifest @tootallnate/quickjs-emscripten@^0.23.0
554 silly packumentCache full:https://registry.npmjs.org/@tootallnate%2fquickjs-emscripten cache-miss
555 http fetch GET 200 https://registry.npmjs.org/@tootallnate%2fquickjs-emscripten 51ms (cache miss)
556 silly packumentCache full:https://registry.npmjs.org/@tootallnate%2fquickjs-emscripten set size:undefined disposed:false
557 silly fetch manifest get-uri@^6.0.1
558 silly packumentCache full:https://registry.npmjs.org/get-uri cache-miss
559 http fetch GET 200 https://registry.npmjs.org/get-uri 35ms (cache miss)
560 silly packumentCache full:https://registry.npmjs.org/get-uri set size:undefined disposed:false
561 silly fetch manifest pac-resolver@^7.0.1
562 silly packumentCache full:https://registry.npmjs.org/pac-resolver cache-miss
563 http fetch GET 200 https://registry.npmjs.org/pac-resolver 31ms (cache miss)
564 silly packumentCache full:https://registry.npmjs.org/pac-resolver set size:undefined disposed:false
565 silly fetch manifest socks-proxy-agent@^8.0.5
566 silly packumentCache full:https://registry.npmjs.org/socks-proxy-agent cache-miss
567 http fetch GET 200 https://registry.npmjs.org/socks-proxy-agent 4ms (cache hit)
568 silly packumentCache full:https://registry.npmjs.org/socks-proxy-agent set size:96838 disposed:false
569 silly fetch manifest socks@^2.8.3
570 silly packumentCache full:https://registry.npmjs.org/socks cache-miss
571 http fetch GET 200 https://registry.npmjs.org/socks 104ms (cache miss)
572 silly packumentCache full:https://registry.npmjs.org/socks set size:undefined disposed:false
573 silly placeDep node_modules/pm2 @tootallnate/quickjs-emscripten@0.23.0 OK for: pac-proxy-agent@7.2.0 want: ^0.23.0
574 silly placeDep node_modules/pm2 get-uri@6.0.5 OK for: pac-proxy-agent@7.2.0 want: ^6.0.1
575 silly placeDep node_modules/pm2 pac-resolver@7.0.1 OK for: pac-proxy-agent@7.2.0 want: ^7.0.1
576 silly fetch manifest basic-ftp@^5.0.2
577 silly packumentCache full:https://registry.npmjs.org/basic-ftp cache-miss
578 http fetch GET 200 https://registry.npmjs.org/basic-ftp 48ms (cache miss)
579 silly packumentCache full:https://registry.npmjs.org/basic-ftp set size:undefined disposed:false
580 silly fetch manifest data-uri-to-buffer@^6.0.2
581 silly packumentCache full:https://registry.npmjs.org/data-uri-to-buffer cache-miss
582 http fetch GET 200 https://registry.npmjs.org/data-uri-to-buffer 28ms (cache miss)
583 silly packumentCache full:https://registry.npmjs.org/data-uri-to-buffer set size:undefined disposed:false
584 silly fetch manifest degenerator@^5.0.0
585 silly packumentCache full:https://registry.npmjs.org/degenerator cache-miss
586 http fetch GET 200 https://registry.npmjs.org/degenerator 30ms (cache miss)
587 silly packumentCache full:https://registry.npmjs.org/degenerator set size:undefined disposed:false
588 silly fetch manifest netmask@^2.0.2
589 silly packumentCache full:https://registry.npmjs.org/netmask cache-miss
590 http fetch GET 200 https://registry.npmjs.org/netmask 47ms (cache miss)
591 silly packumentCache full:https://registry.npmjs.org/netmask set size:undefined disposed:false
592 silly placeDep node_modules/pm2 basic-ftp@5.0.5 OK for: get-uri@6.0.5 want: ^5.0.2
593 silly placeDep node_modules/pm2 data-uri-to-buffer@6.0.2 OK for: get-uri@6.0.5 want: ^6.0.2
594 silly placeDep node_modules/pm2 degenerator@5.0.1 OK for: pac-resolver@7.0.1 want: ^5.0.0
595 silly placeDep node_modules/pm2 netmask@2.0.2 OK for: pac-resolver@7.0.1 want: ^2.0.2
596 silly fetch manifest ast-types@^0.13.4
597 silly packumentCache full:https://registry.npmjs.org/ast-types cache-miss
598 http fetch GET 200 https://registry.npmjs.org/ast-types 36ms (cache miss)
599 silly packumentCache full:https://registry.npmjs.org/ast-types set size:undefined disposed:false
600 silly fetch manifest escodegen@^2.1.0
601 silly packumentCache full:https://registry.npmjs.org/escodegen cache-miss
602 http fetch GET 200 https://registry.npmjs.org/escodegen 29ms (cache miss)
603 silly packumentCache full:https://registry.npmjs.org/escodegen set size:undefined disposed:false
604 silly fetch manifest esprima@^4.0.1
605 silly packumentCache full:https://registry.npmjs.org/esprima cache-miss
606 http fetch GET 200 https://registry.npmjs.org/esprima 39ms (cache miss)
607 silly packumentCache full:https://registry.npmjs.org/esprima set size:undefined disposed:false
608 silly placeDep node_modules/pm2 ast-types@0.13.4 OK for: degenerator@5.0.1 want: ^0.13.4
609 silly placeDep node_modules/pm2 escodegen@2.1.0 OK for: degenerator@5.0.1 want: ^2.1.0
610 silly placeDep node_modules/pm2 esprima@4.0.1 OK for: degenerator@5.0.1 want: ^4.0.1
611 silly fetch manifest tslib@^2.0.1
612 silly packumentCache full:https://registry.npmjs.org/tslib cache-miss
613 http fetch GET 200 https://registry.npmjs.org/tslib 6ms (cache hit)
614 silly packumentCache full:https://registry.npmjs.org/tslib set size:108760 disposed:false
615 silly fetch manifest estraverse@^5.2.0
616 silly packumentCache full:https://registry.npmjs.org/estraverse cache-miss
617 http fetch GET 200 https://registry.npmjs.org/estraverse 33ms (cache miss)
618 silly packumentCache full:https://registry.npmjs.org/estraverse set size:undefined disposed:false
619 silly fetch manifest esutils@^2.0.2
620 silly packumentCache full:https://registry.npmjs.org/esutils cache-miss
621 http fetch GET 200 https://registry.npmjs.org/esutils 26ms (cache miss)
622 silly packumentCache full:https://registry.npmjs.org/esutils set size:undefined disposed:false
623 silly fetch manifest source-map@~0.6.1
624 silly packumentCache full:https://registry.npmjs.org/source-map cache-miss
625 http fetch GET 200 https://registry.npmjs.org/source-map 4ms (cache hit)
626 silly packumentCache full:https://registry.npmjs.org/source-map set size:226090 disposed:false
627 silly placeDep node_modules/pm2/node_modules/ast-types tslib@2.8.1 OK for: ast-types@0.13.4 want: ^2.0.1
628 silly placeDep node_modules/pm2 estraverse@5.3.0 OK for: escodegen@2.1.0 want: ^5.2.0
629 silly placeDep node_modules/pm2 esutils@2.0.3 OK for: escodegen@2.1.0 want: ^2.0.2
630 silly placeDep node_modules/pm2 source-map@0.6.1 OK for: escodegen@2.1.0 want: ~0.6.1
631 silly placeDep node_modules/pm2 mute-stream@0.0.8 OK for: read@1.0.7 want: ~0.0.4
632 silly placeDep node_modules/pm2 module-details-from-path@1.0.4 OK for: require-in-the-middle@5.2.0 want: ^1.0.3
633 silly placeDep node_modules/pm2 resolve@1.22.11 OK for: require-in-the-middle@5.2.0 want: ^1.22.1
634 silly fetch manifest is-core-module@^2.16.1
635 silly packumentCache full:https://registry.npmjs.org/is-core-module cache-miss
636 http fetch GET 200 https://registry.npmjs.org/is-core-module 34ms (cache miss)
637 silly packumentCache full:https://registry.npmjs.org/is-core-module set size:undefined disposed:false
638 silly fetch manifest path-parse@^1.0.7
639 silly packumentCache full:https://registry.npmjs.org/path-parse cache-miss
640 http fetch GET 200 https://registry.npmjs.org/path-parse 37ms (cache miss)
641 silly packumentCache full:https://registry.npmjs.org/path-parse set size:undefined disposed:false
642 silly fetch manifest supports-preserve-symlinks-flag@^1.0.0
643 silly packumentCache full:https://registry.npmjs.org/supports-preserve-symlinks-flag cache-miss
644 http fetch GET 200 https://registry.npmjs.org/supports-preserve-symlinks-flag 33ms (cache miss)
645 silly packumentCache full:https://registry.npmjs.org/supports-preserve-symlinks-flag set size:undefined disposed:false
646 silly placeDep node_modules/pm2 is-core-module@2.16.1 OK for: resolve@1.22.11 want: ^2.16.1
647 silly placeDep node_modules/pm2 path-parse@1.0.7 OK for: resolve@1.22.11 want: ^1.0.7
648 silly placeDep node_modules/pm2 supports-preserve-symlinks-flag@1.0.0 OK for: resolve@1.22.11 want: ^1.0.0
649 silly fetch manifest hasown@^2.0.2
650 silly packumentCache full:https://registry.npmjs.org/hasown cache-miss
651 http fetch GET 200 https://registry.npmjs.org/hasown 37ms (cache miss)
652 silly packumentCache full:https://registry.npmjs.org/hasown set size:undefined disposed:false
653 silly placeDep node_modules/pm2 hasown@2.0.2 OK for: is-core-module@2.16.1 want: ^2.0.2
654 silly fetch manifest function-bind@^1.1.2
655 silly packumentCache full:https://registry.npmjs.org/function-bind cache-miss
656 http fetch GET 200 https://registry.npmjs.org/function-bind 27ms (cache miss)
657 silly packumentCache full:https://registry.npmjs.org/function-bind set size:undefined disposed:false
658 silly placeDep node_modules/pm2 function-bind@1.1.2 OK for: hasown@2.0.2 want: ^1.1.2
659 silly placeDep node_modules/pm2 socks@2.8.7 OK for: socks-proxy-agent@8.0.5 want: ^2.8.3
660 silly fetch manifest ip-address@^10.0.1
661 silly packumentCache full:https://registry.npmjs.org/ip-address cache-miss
662 http fetch GET 200 https://registry.npmjs.org/ip-address 40ms (cache miss)
663 silly packumentCache full:https://registry.npmjs.org/ip-address set size:undefined disposed:false
664 silly fetch manifest smart-buffer@^4.2.0
665 silly packumentCache full:https://registry.npmjs.org/smart-buffer cache-miss
666 http fetch GET 200 https://registry.npmjs.org/smart-buffer 36ms (cache miss)
667 silly packumentCache full:https://registry.npmjs.org/smart-buffer set size:undefined disposed:false
668 silly placeDep node_modules/pm2 ip-address@10.1.0 OK for: socks@2.8.7 want: ^10.0.1
669 silly placeDep node_modules/pm2 smart-buffer@4.2.0 OK for: socks@2.8.7 want: ^4.2.0
670 silly placeDep node_modules/pm2 buffer-from@1.1.2 OK for: source-map-support@0.5.21 want: ^1.0.0
671 silly placeDep node_modules/pm2 has-flag@4.0.0 OK for: supports-color@7.2.0 want: ^4.0.0
672 silly placeDep node_modules/pm2 is-number@7.0.0 OK for: to-regex-range@5.0.1 want: ^7.0.0
673 silly placeDep node_modules/pm2 json-stringify-safe@5.0.1 OK for: tx2@1.0.5 want: ^5.0.1
674 silly placeDep node_modules/pm2/node_modules/vizion async@2.6.4 OK for: vizion@2.2.1 want: ^2.6.3
675 silly placeDep node_modules/pm2 git-node-fs@1.0.0 OK for: vizion@2.2.1 want: ^1.0.0
676 silly placeDep node_modules/pm2 ini@1.3.8 OK for: vizion@2.2.1 want: ^1.3.5
677 silly placeDep node_modules/pm2 js-git@0.7.8 OK for: vizion@2.2.1 want: ^0.7.8
678 silly fetch manifest bodec@^0.1.0
679 silly packumentCache full:https://registry.npmjs.org/bodec cache-miss
680 http fetch GET 200 https://registry.npmjs.org/bodec 89ms (cache miss)
681 silly packumentCache full:https://registry.npmjs.org/bodec set size:undefined disposed:false
682 silly fetch manifest culvert@^0.1.2
683 silly packumentCache full:https://registry.npmjs.org/culvert cache-miss
684 http fetch GET 200 https://registry.npmjs.org/culvert 34ms (cache miss)
685 silly packumentCache full:https://registry.npmjs.org/culvert set size:undefined disposed:false
686 silly fetch manifest git-sha1@^0.1.2
687 silly packumentCache full:https://registry.npmjs.org/git-sha1 cache-miss
688 http fetch GET 200 https://registry.npmjs.org/git-sha1 38ms (cache miss)
689 silly packumentCache full:https://registry.npmjs.org/git-sha1 set size:undefined disposed:false
690 silly fetch manifest pako@^0.2.5
691 silly packumentCache full:https://registry.npmjs.org/pako cache-miss
692 http fetch GET 200 https://registry.npmjs.org/pako 29ms (cache miss)
693 silly packumentCache full:https://registry.npmjs.org/pako set size:undefined disposed:false
694 silly placeDep node_modules/pm2 bodec@0.1.0 OK for: js-git@0.7.8 want: ^0.1.0
695 silly placeDep node_modules/pm2 culvert@0.1.2 OK for: js-git@0.7.8 want: ^0.1.2
696 silly placeDep node_modules/pm2 git-sha1@0.1.2 OK for: js-git@0.7.8 want: ^0.1.2
697 silly placeDep node_modules/pm2 pako@0.2.9 OK for: js-git@0.7.8 want: ^0.2.5
698 silly placeDep node_modules/pm2/node_modules/@pm2/agent lru-cache@6.0.0 OK for: semver@7.5.4 want: ^6.0.0
699 silly fetch manifest yallist@^4.0.0
700 silly packumentCache full:https://registry.npmjs.org/yallist cache-miss
701 http fetch GET 200 https://registry.npmjs.org/yallist 43ms (cache miss)
702 silly packumentCache full:https://registry.npmjs.org/yallist set size:undefined disposed:false
703 silly placeDep node_modules/pm2 yallist@4.0.0 OK for: lru-cache@6.0.0 want: ^4.0.0
704 silly placeDep node_modules/pm2 lodash@4.17.21 OK for: async@2.6.4 want: ^4.17.14
705 silly placeDep node_modules/pm2/node_modules/@pm2/io lru-cache@6.0.0 OK for: semver@7.5.4 want: ^6.0.0
706 silly reify moves {}
707 verbose reify failed optional dependency /usr/lib/node_modules/pm2/node_modules/fsevents
708 silly reify mark deleted [ '/usr/lib/node_modules/pm2/node_modules/fsevents' ]
709 silly tarball no local data for pm2@https://registry.npmjs.org/pm2/-/pm2-6.0.13.tgz. Extracting by manifest.
710 silly tarball no local data for lodash@https://registry.npmjs.org/lodash/-/lodash-4.17.21.tgz. Extracting by manifest.
711 silly tarball no local data for yallist@https://registry.npmjs.org/yallist/-/yallist-4.0.0.tgz. Extracting by manifest.
712 silly tarball no local data for pako@https://registry.npmjs.org/pako/-/pako-0.2.9.tgz. Extracting by manifest.
713 silly tarball no local data for git-sha1@https://registry.npmjs.org/git-sha1/-/git-sha1-0.1.2.tgz. Extracting by manifest.
714 silly tarball no local data for culvert@https://registry.npmjs.org/culvert/-/culvert-0.1.2.tgz. Extracting by manifest.
715 silly tarball no local data for bodec@https://registry.npmjs.org/bodec/-/bodec-0.1.0.tgz. Extracting by manifest.
716 silly tarball no local data for js-git@https://registry.npmjs.org/js-git/-/js-git-0.7.8.tgz. Extracting by manifest.
717 silly tarball no local data for ini@https://registry.npmjs.org/ini/-/ini-1.3.8.tgz. Extracting by manifest.
718 silly tarball no local data for git-node-fs@https://registry.npmjs.org/git-node-fs/-/git-node-fs-1.0.0.tgz. Extracting by manifest.
719 silly tarball no local data for json-stringify-safe@https://registry.npmjs.org/json-stringify-safe/-/json-stringify-safe-5.0.1.tgz. Extracting by manifest.
720 silly tarball no local data for is-number@https://registry.npmjs.org/is-number/-/is-number-7.0.0.tgz. Extracting by manifest.
721 silly tarball no local data for has-flag@https://registry.npmjs.org/has-flag/-/has-flag-4.0.0.tgz. Extracting by manifest.
722 silly tarball no local data for buffer-from@https://registry.npmjs.org/buffer-from/-/buffer-from-1.1.2.tgz. Extracting by manifest.
723 silly tarball no local data for smart-buffer@https://registry.npmjs.org/smart-buffer/-/smart-buffer-4.2.0.tgz. Extracting by manifest.
724 silly tarball no local data for ip-address@https://registry.npmjs.org/ip-address/-/ip-address-10.1.0.tgz. Extracting by manifest.
725 silly tarball no local data for socks@https://registry.npmjs.org/socks/-/socks-2.8.7.tgz. Extracting by manifest.
726 silly tarball no local data for function-bind@https://registry.npmjs.org/function-bind/-/function-bind-1.1.2.tgz. Extracting by manifest.
727 silly tarball no local data for hasown@https://registry.npmjs.org/hasown/-/hasown-2.0.2.tgz. Extracting by manifest.
728 silly tarball no local data for supports-preserve-symlinks-flag@https://registry.npmjs.org/supports-preserve-symlinks-flag/-/supports-preserve-symlinks-flag-1.0.0.tgz. Extracting by manifest.
729 silly tarball no local data for path-parse@https://registry.npmjs.org/path-parse/-/path-parse-1.0.7.tgz. Extracting by manifest.
730 silly tarball no local data for is-core-module@https://registry.npmjs.org/is-core-module/-/is-core-module-2.16.1.tgz. Extracting by manifest.
731 silly tarball no local data for resolve@https://registry.npmjs.org/resolve/-/resolve-1.22.11.tgz. Extracting by manifest.
732 silly tarball no local data for module-details-from-path@https://registry.npmjs.org/module-details-from-path/-/module-details-from-path-1.0.4.tgz. Extracting by manifest.
733 silly tarball no local data for mute-stream@https://registry.npmjs.org/mute-stream/-/mute-stream-0.0.8.tgz. Extracting by manifest.
734 silly tarball no local data for source-map@https://registry.npmjs.org/source-map/-/source-map-0.6.1.tgz. Extracting by manifest.
735 silly tarball no local data for esutils@https://registry.npmjs.org/esutils/-/esutils-2.0.3.tgz. Extracting by manifest.
736 silly tarball no local data for estraverse@https://registry.npmjs.org/estraverse/-/estraverse-5.3.0.tgz. Extracting by manifest.
737 silly tarball no local data for esprima@https://registry.npmjs.org/esprima/-/esprima-4.0.1.tgz. Extracting by manifest.
738 silly tarball no local data for escodegen@https://registry.npmjs.org/escodegen/-/escodegen-2.1.0.tgz. Extracting by manifest.
739 silly tarball no local data for ast-types@https://registry.npmjs.org/ast-types/-/ast-types-0.13.4.tgz. Extracting by manifest.
740 silly tarball no local data for tslib@https://registry.npmjs.org/tslib/-/tslib-2.8.1.tgz. Extracting by manifest.
741 silly tarball no local data for netmask@https://registry.npmjs.org/netmask/-/netmask-2.0.2.tgz. Extracting by manifest.
742 silly tarball no local data for degenerator@https://registry.npmjs.org/degenerator/-/degenerator-5.0.1.tgz. Extracting by manifest.
743 silly tarball no local data for data-uri-to-buffer@https://registry.npmjs.org/data-uri-to-buffer/-/data-uri-to-buffer-6.0.2.tgz. Extracting by manifest.
744 silly tarball no local data for basic-ftp@https://registry.npmjs.org/basic-ftp/-/basic-ftp-5.0.5.tgz. Extracting by manifest.
745 silly tarball no local data for pac-resolver@https://registry.npmjs.org/pac-resolver/-/pac-resolver-7.0.1.tgz. Extracting by manifest.
746 silly tarball no local data for get-uri@https://registry.npmjs.org/get-uri/-/get-uri-6.0.5.tgz. Extracting by manifest.
747 silly tarball no local data for @tootallnate/quickjs-emscripten@https://registry.npmjs.org/@tootallnate/quickjs-emscripten/-/quickjs-emscripten-0.23.0.tgz. Extracting by manifest.
748 silly tarball no local data for socks-proxy-agent@https://registry.npmjs.org/socks-proxy-agent/-/socks-proxy-agent-8.0.5.tgz. Extracting by manifest.
749 silly tarball no local data for proxy-from-env@https://registry.npmjs.org/proxy-from-env/-/proxy-from-env-1.1.0.tgz. Extracting by manifest.
750 silly tarball no local data for pac-proxy-agent@https://registry.npmjs.org/pac-proxy-agent/-/pac-proxy-agent-7.2.0.tgz. Extracting by manifest.
751 silly tarball no local data for lru-cache@https://registry.npmjs.org/lru-cache/-/lru-cache-7.18.3.tgz. Extracting by manifest.
752 silly tarball no local data for https-proxy-agent@https://registry.npmjs.org/https-proxy-agent/-/https-proxy-agent-7.0.6.tgz. Extracting by manifest.
753 silly tarball no local data for http-proxy-agent@https://registry.npmjs.org/http-proxy-agent/-/http-proxy-agent-7.0.2.tgz. Extracting by manifest.
754 silly tarball no local data for agent-base@https://registry.npmjs.org/agent-base/-/agent-base-7.1.4.tgz. Extracting by manifest.
755 silly tarball no local data for read@https://registry.npmjs.org/read/-/read-1.0.7.tgz. Extracting by manifest.
756 silly tarball no local data for tx2@https://registry.npmjs.org/tx2/-/tx2-1.0.5.tgz. Extracting by manifest.
757 silly tarball no local data for systeminformation@https://registry.npmjs.org/systeminformation/-/systeminformation-5.27.11.tgz. Extracting by manifest.
758 silly tarball no local data for charm@https://registry.npmjs.org/charm/-/charm-0.1.2.tgz. Extracting by manifest.
759 silly tarball no local data for tv4@https://registry.npmjs.org/tv4/-/tv4-1.3.0.tgz. Extracting by manifest.
760 silly tarball no local data for run-series@https://registry.npmjs.org/run-series/-/run-series-1.1.9.tgz. Extracting by manifest.
761 silly tarball no local data for escape-string-regexp@https://registry.npmjs.org/escape-string-regexp/-/escape-string-regexp-4.0.0.tgz. Extracting by manifest.
762 silly tarball no local data for amp-message@https://registry.npmjs.org/amp-message/-/amp-message-0.1.2.tgz. Extracting by manifest.
763 silly tarball no local data for amp@https://registry.npmjs.org/amp/-/amp-0.3.1.tgz. Extracting by manifest.
764 silly tarball no local data for safe-buffer@https://registry.npmjs.org/safe-buffer/-/safe-buffer-5.2.1.tgz. Extracting by manifest.
765 silly tarball no local data for safer-buffer@https://registry.npmjs.org/safer-buffer/-/safer-buffer-2.1.2.tgz. Extracting by manifest.
766 silly tarball no local data for sax@https://registry.npmjs.org/sax/-/sax-1.4.3.tgz. Extracting by manifest.
767 silly tarball no local data for iconv-lite@https://registry.npmjs.org/iconv-lite/-/iconv-lite-0.4.24.tgz. Extracting by manifest.
768 silly tarball no local data for argparse@https://registry.npmjs.org/argparse/-/argparse-2.0.1.tgz. Extracting by manifest.
769 silly tarball no local data for is-extglob@https://registry.npmjs.org/is-extglob/-/is-extglob-2.1.1.tgz. Extracting by manifest.
770 silly tarball no local data for binary-extensions@https://registry.npmjs.org/binary-extensions/-/binary-extensions-2.3.0.tgz. Extracting by manifest.
771 silly tarball no local data for to-regex-range@https://registry.npmjs.org/to-regex-range/-/to-regex-range-5.0.1.tgz. Extracting by manifest.
772 silly tarball no local data for follow-redirects@https://registry.npmjs.org/follow-redirects/-/follow-redirects-1.15.11.tgz. Extracting by manifest.
773 silly tarball no local data for ansi-colors@https://registry.npmjs.org/ansi-colors/-/ansi-colors-4.1.3.tgz. Extracting by manifest.
774 silly tarball no local data for color-name@https://registry.npmjs.org/color-name/-/color-name-1.1.4.tgz. Extracting by manifest.
775 silly tarball no local data for fill-range@https://registry.npmjs.org/fill-range/-/fill-range-7.1.1.tgz. Extracting by manifest.
776 silly tarball no local data for picomatch@https://registry.npmjs.org/picomatch/-/picomatch-2.3.1.tgz. Extracting by manifest.
777 silly tarball no local data for readdirp@https://registry.npmjs.org/readdirp/-/readdirp-3.6.0.tgz. Extracting by manifest.
778 silly tarball no local data for normalize-path@https://registry.npmjs.org/normalize-path/-/normalize-path-3.0.0.tgz. Extracting by manifest.
779 silly tarball no local data for is-glob@https://registry.npmjs.org/is-glob/-/is-glob-4.0.3.tgz. Extracting by manifest.
780 silly tarball no local data for is-binary-path@https://registry.npmjs.org/is-binary-path/-/is-binary-path-2.1.0.tgz. Extracting by manifest.
781 silly tarball no local data for glob-parent@https://registry.npmjs.org/glob-parent/-/glob-parent-5.1.2.tgz. Extracting by manifest.
782 silly tarball no local data for braces@https://registry.npmjs.org/braces/-/braces-3.0.3.tgz. Extracting by manifest.
783 silly tarball no local data for anymatch@https://registry.npmjs.org/anymatch/-/anymatch-3.1.3.tgz. Extracting by manifest.
784 silly tarball no local data for color-convert@https://registry.npmjs.org/color-convert/-/color-convert-2.0.1.tgz. Extracting by manifest.
785 silly tarball no local data for supports-color@https://registry.npmjs.org/supports-color/-/supports-color-7.2.0.tgz. Extracting by manifest.
786 silly tarball no local data for ansi-styles@https://registry.npmjs.org/ansi-styles/-/ansi-styles-4.3.0.tgz. Extracting by manifest.
787 silly tarball no local data for extrareqp2@https://registry.npmjs.org/extrareqp2/-/extrareqp2-1.0.0.tgz. Extracting by manifest.
788 silly tarball no local data for tslib@https://registry.npmjs.org/tslib/-/tslib-1.9.3.tgz. Extracting by manifest.
789 silly tarball no local data for signal-exit@https://registry.npmjs.org/signal-exit/-/signal-exit-3.0.7.tgz. Extracting by manifest.
790 silly tarball no local data for shimmer@https://registry.npmjs.org/shimmer/-/shimmer-1.2.1.tgz. Extracting by manifest.
791 silly tarball no local data for require-in-the-middle@https://registry.npmjs.org/require-in-the-middle/-/require-in-the-middle-5.2.0.tgz. Extracting by manifest.
792 silly tarball no local data for ws@https://registry.npmjs.org/ws/-/ws-7.5.10.tgz. Extracting by manifest.
793 silly tarball no local data for proxy-agent@https://registry.npmjs.org/proxy-agent/-/proxy-agent-6.4.0.tgz. Extracting by manifest.
794 silly tarball no local data for fast-json-patch@https://registry.npmjs.org/fast-json-patch/-/fast-json-patch-3.1.1.tgz. Extracting by manifest.
795 silly tarball no local data for chalk@https://registry.npmjs.org/chalk/-/chalk-3.0.0.tgz. Extracting by manifest.
796 silly tarball no local data for vizion@https://registry.npmjs.org/vizion/-/vizion-2.2.1.tgz. Extracting by manifest.
797 silly tarball no local data for async@https://registry.npmjs.org/async/-/async-2.6.4.tgz. Extracting by manifest.
798 silly tarball no local data for sprintf-js@https://registry.npmjs.org/sprintf-js/-/sprintf-js-1.1.2.tgz. Extracting by manifest.
799 silly tarball no local data for source-map-support@https://registry.npmjs.org/source-map-support/-/source-map-support-0.5.21.tgz. Extracting by manifest.
800 silly tarball no local data for semver@https://registry.npmjs.org/semver/-/semver-7.7.2.tgz. Extracting by manifest.
801 silly tarball no local data for promptly@https://registry.npmjs.org/promptly/-/promptly-2.2.0.tgz. Extracting by manifest.
802 silly tarball no local data for pm2-sysmonit@https://registry.npmjs.org/pm2-sysmonit/-/pm2-sysmonit-1.2.8.tgz. Extracting by manifest.
803 silly tarball no local data for pidusage@https://registry.npmjs.org/pidusage/-/pidusage-2.0.21.tgz. Extracting by manifest.
804 silly tarball no local data for pm2-multimeter@https://registry.npmjs.org/pm2-multimeter/-/pm2-multimeter-0.1.2.tgz. Extracting by manifest.
805 silly tarball no local data for pm2-deploy@https://registry.npmjs.org/pm2-deploy/-/pm2-deploy-1.0.2.tgz. Extracting by manifest.
806 silly tarball no local data for pm2-axon-rpc@https://registry.npmjs.org/pm2-axon-rpc/-/pm2-axon-rpc-0.7.1.tgz. Extracting by manifest.
807 silly tarball no local data for pm2-axon@https://registry.npmjs.org/pm2-axon/-/pm2-axon-4.0.1.tgz. Extracting by manifest.
808 silly tarball no local data for pidusage@https://registry.npmjs.org/pidusage/-/pidusage-3.0.2.tgz. Extracting by manifest.
809 silly tarball no local data for needle@https://registry.npmjs.org/needle/-/needle-2.4.0.tgz. Extracting by manifest.
810 silly tarball no local data for debug@https://registry.npmjs.org/debug/-/debug-3.2.7.tgz. Extracting by manifest.
811 silly tarball no local data for mkdirp@https://registry.npmjs.org/mkdirp/-/mkdirp-1.0.4.tgz. Extracting by manifest.
812 silly tarball no local data for js-yaml@https://registry.npmjs.org/js-yaml/-/js-yaml-4.1.0.tgz. Extracting by manifest.
813 silly tarball no local data for fclone@https://registry.npmjs.org/fclone/-/fclone-1.0.11.tgz. Extracting by manifest.
814 silly tarball no local data for eventemitter2@https://registry.npmjs.org/eventemitter2/-/eventemitter2-5.0.1.tgz. Extracting by manifest.
815 silly tarball no local data for enquirer@https://registry.npmjs.org/enquirer/-/enquirer-2.3.6.tgz. Extracting by manifest.
816 silly tarball no local data for dayjs@https://registry.npmjs.org/dayjs/-/dayjs-1.11.15.tgz. Extracting by manifest.
817 silly tarball no local data for croner@https://registry.npmjs.org/croner/-/croner-4.1.97.tgz. Extracting by manifest.
818 silly tarball no local data for commander@https://registry.npmjs.org/commander/-/commander-2.15.1.tgz. Extracting by manifest.
819 silly tarball no local data for cli-tableau@https://registry.npmjs.org/cli-tableau/-/cli-tableau-2.0.1.tgz. Extracting by manifest.
820 silly tarball no local data for chokidar@https://registry.npmjs.org/chokidar/-/chokidar-3.6.0.tgz. Extracting by manifest.
821 silly tarball no local data for async@https://registry.npmjs.org/async/-/async-3.2.6.tgz. Extracting by manifest.
822 silly tarball no local data for ansis@https://registry.npmjs.org/ansis/-/ansis-4.0.0-node10.tgz. Extracting by manifest.
823 silly tarball no local data for @pm2/pm2-version-check@https://registry.npmjs.org/@pm2/pm2-version-check/-/pm2-version-check-1.0.4.tgz. Extracting by manifest.
824 silly tarball no local data for @pm2/js-api@https://registry.npmjs.org/@pm2/js-api/-/js-api-0.8.0.tgz. Extracting by manifest.
825 silly tarball no local data for eventemitter2@https://registry.npmjs.org/eventemitter2/-/eventemitter2-6.4.9.tgz. Extracting by manifest.
826 silly tarball no local data for debug@https://registry.npmjs.org/debug/-/debug-4.3.7.tgz. Extracting by manifest.
827 silly tarball no local data for async@https://registry.npmjs.org/async/-/async-2.6.4.tgz. Extracting by manifest.
828 silly tarball no local data for @pm2/io@https://registry.npmjs.org/@pm2/io/-/io-6.1.0.tgz. Extracting by manifest.
829 silly tarball no local data for lru-cache@https://registry.npmjs.org/lru-cache/-/lru-cache-6.0.0.tgz. Extracting by manifest.
830 silly tarball no local data for semver@https://registry.npmjs.org/semver/-/semver-7.5.4.tgz. Extracting by manifest.
831 silly tarball no local data for eventemitter2@https://registry.npmjs.org/eventemitter2/-/eventemitter2-6.4.9.tgz. Extracting by manifest.
832 silly tarball no local data for debug@https://registry.npmjs.org/debug/-/debug-4.3.7.tgz. Extracting by manifest.
833 silly tarball no local data for async@https://registry.npmjs.org/async/-/async-2.6.4.tgz. Extracting by manifest.
834 silly tarball no local data for @pm2/blessed@https://registry.npmjs.org/@pm2/blessed/-/blessed-0.1.81.tgz. Extracting by manifest.
835 silly tarball no local data for @pm2/agent@https://registry.npmjs.org/@pm2/agent/-/agent-2.1.1.tgz. Extracting by manifest.
836 silly tarball no local data for lru-cache@https://registry.npmjs.org/lru-cache/-/lru-cache-6.0.0.tgz. Extracting by manifest.
837 silly tarball no local data for semver@https://registry.npmjs.org/semver/-/semver-7.5.4.tgz. Extracting by manifest.
838 silly tarball no local data for debug@https://registry.npmjs.org/debug/-/debug-4.3.7.tgz. Extracting by manifest.
839 silly tarball no local data for dayjs@https://registry.npmjs.org/dayjs/-/dayjs-1.8.36.tgz. Extracting by manifest.
840 http fetch GET 200 https://registry.npmjs.org/bodec/-/bodec-0.1.0.tgz 2018ms (cache miss)
841 http fetch GET 200 https://registry.npmjs.org/git-node-fs/-/git-node-fs-1.0.0.tgz 2016ms (cache miss)
842 http fetch GET 200 https://registry.npmjs.org/esutils/-/esutils-2.0.3.tgz 2002ms (cache miss)
843 http fetch GET 200 https://registry.npmjs.org/has-flag/-/has-flag-4.0.0.tgz 2082ms (cache miss)
844 http fetch GET 200 https://registry.npmjs.org/git-sha1/-/git-sha1-0.1.2.tgz 2092ms (cache miss)
845 http fetch GET 200 https://registry.npmjs.org/path-parse/-/path-parse-1.0.7.tgz 2077ms (cache miss)
846 http fetch GET 200 https://registry.npmjs.org/yallist/-/yallist-4.0.0.tgz 2131ms (cache miss)
847 http fetch GET 200 https://registry.npmjs.org/culvert/-/culvert-0.1.2.tgz 2123ms (cache miss)
848 http fetch GET 200 https://registry.npmjs.org/json-stringify-safe/-/json-stringify-safe-5.0.1.tgz 2123ms (cache miss)
849 http fetch GET 200 https://registry.npmjs.org/http-proxy-agent/-/http-proxy-agent-7.0.2.tgz 2067ms (cache miss)
850 http fetch GET 200 https://registry.npmjs.org/run-series/-/run-series-1.1.9.tgz 2061ms (cache miss)
851 http fetch GET 200 https://registry.npmjs.org/is-number/-/is-number-7.0.0.tgz 2150ms (cache miss)
852 http fetch GET 200 https://registry.npmjs.org/function-bind/-/function-bind-1.1.2.tgz 2145ms (cache miss)
853 http fetch GET 200 https://registry.npmjs.org/supports-preserve-symlinks-flag/-/supports-preserve-symlinks-flag-1.0.0.tgz 2143ms (cache miss)
854 http fetch GET 200 https://registry.npmjs.org/buffer-from/-/buffer-from-1.1.2.tgz 2150ms (cache miss)
855 http fetch GET 200 https://registry.npmjs.org/module-details-from-path/-/module-details-from-path-1.0.4.tgz 2135ms (cache miss)
856 http fetch GET 200 https://registry.npmjs.org/degenerator/-/degenerator-5.0.1.tgz 2135ms (cache miss)
857 http fetch GET 200 https://registry.npmjs.org/safer-buffer/-/safer-buffer-2.1.2.tgz 2082ms (cache miss)
858 http fetch GET 200 https://registry.npmjs.org/amp/-/amp-0.3.1.tgz 2086ms (cache miss)
859 http fetch GET 200 https://registry.npmjs.org/hasown/-/hasown-2.0.2.tgz 2187ms (cache miss)
860 http fetch GET 200 https://registry.npmjs.org/ini/-/ini-1.3.8.tgz 2198ms (cache miss)
861 http fetch GET 200 https://registry.npmjs.org/socks-proxy-agent/-/socks-proxy-agent-8.0.5.tgz 2150ms (cache miss)
862 http fetch GET 200 https://registry.npmjs.org/escape-string-regexp/-/escape-string-regexp-4.0.0.tgz 2142ms (cache miss)
863 http fetch GET 200 https://registry.npmjs.org/binary-extensions/-/binary-extensions-2.3.0.tgz 2123ms (cache miss)
864 http fetch GET 200 https://registry.npmjs.org/color-name/-/color-name-1.1.4.tgz 2120ms (cache miss)
865 http fetch GET 200 https://registry.npmjs.org/data-uri-to-buffer/-/data-uri-to-buffer-6.0.2.tgz 2213ms (cache miss)
866 http fetch GET 200 https://registry.npmjs.org/is-extglob/-/is-extglob-2.1.1.tgz 2158ms (cache miss)
867 http fetch GET 200 https://registry.npmjs.org/shimmer/-/shimmer-1.2.1.tgz 2106ms (cache miss)
868 http fetch GET 200 https://registry.npmjs.org/mute-stream/-/mute-stream-0.0.8.tgz 2247ms (cache miss)
869 http fetch GET 200 https://registry.npmjs.org/agent-base/-/agent-base-7.1.4.tgz 2211ms (cache miss)
870 http fetch GET 200 https://registry.npmjs.org/read/-/read-1.0.7.tgz 2210ms (cache miss)
871 http fetch GET 200 https://registry.npmjs.org/pac-proxy-agent/-/pac-proxy-agent-7.2.0.tgz 2216ms (cache miss)
872 http fetch GET 200 https://registry.npmjs.org/normalize-path/-/normalize-path-3.0.0.tgz 2168ms (cache miss)
873 http fetch GET 200 https://registry.npmjs.org/follow-redirects/-/follow-redirects-1.15.11.tgz 2184ms (cache miss)
874 http fetch GET 200 https://registry.npmjs.org/ansi-colors/-/ansi-colors-4.1.3.tgz 2183ms (cache miss)
875 http fetch GET 200 https://registry.npmjs.org/is-binary-path/-/is-binary-path-2.1.0.tgz 2167ms (cache miss)
876 http fetch GET 200 https://registry.npmjs.org/sprintf-js/-/sprintf-js-1.1.2.tgz 2110ms (cache miss)
877 http fetch GET 200 https://registry.npmjs.org/charm/-/charm-0.1.2.tgz 2248ms (cache miss)
878 http fetch GET 200 https://registry.npmjs.org/picomatch/-/picomatch-2.3.1.tgz 2211ms (cache miss)
879 http fetch GET 200 https://registry.npmjs.org/readdirp/-/readdirp-3.6.0.tgz 2211ms (cache miss)
880 http fetch GET 200 https://registry.npmjs.org/color-convert/-/color-convert-2.0.1.tgz 2196ms (cache miss)
881 http fetch GET 200 https://registry.npmjs.org/ansi-styles/-/ansi-styles-4.3.0.tgz 2185ms (cache miss)
882 http fetch GET 200 https://registry.npmjs.org/glob-parent/-/glob-parent-5.1.2.tgz 2210ms (cache miss)
883 http fetch GET 200 https://registry.npmjs.org/estraverse/-/estraverse-5.3.0.tgz 2323ms (cache miss)
884 http fetch GET 200 https://registry.npmjs.org/amp-message/-/amp-message-0.1.2.tgz 2273ms (cache miss)
885 http fetch GET 200 https://registry.npmjs.org/is-glob/-/is-glob-4.0.3.tgz 2243ms (cache miss)
886 http fetch GET 200 https://registry.npmjs.org/fill-range/-/fill-range-7.1.1.tgz 2258ms (cache miss)
887 http fetch GET 200 https://registry.npmjs.org/debug/-/debug-3.2.7.tgz 2105ms (cache miss)
888 http fetch GET 200 https://registry.npmjs.org/promptly/-/promptly-2.2.0.tgz 2189ms (cache miss)
889 http fetch GET 200 https://registry.npmjs.org/sax/-/sax-1.4.3.tgz 2303ms (cache miss)
890 http fetch GET 200 https://registry.npmjs.org/to-regex-range/-/to-regex-range-5.0.1.tgz 2299ms (cache miss)
891 http fetch GET 200 https://registry.npmjs.org/supports-color/-/supports-color-7.2.0.tgz 2259ms (cache miss)
892 http fetch GET 200 https://registry.npmjs.org/require-in-the-middle/-/require-in-the-middle-5.2.0.tgz 2246ms (cache miss)
893 http fetch GET 200 https://registry.npmjs.org/pm2-axon-rpc/-/pm2-axon-rpc-0.7.1.tgz 2188ms (cache miss)
894 http fetch GET 200 https://registry.npmjs.org/tslib/-/tslib-1.9.3.tgz 2267ms (cache miss)
895 http fetch GET 200 https://registry.npmjs.org/signal-exit/-/signal-exit-3.0.7.tgz 2266ms (cache miss)
896 http fetch GET 200 https://registry.npmjs.org/anymatch/-/anymatch-3.1.3.tgz 2288ms (cache miss)
897 http fetch GET 200 https://registry.npmjs.org/chalk/-/chalk-3.0.0.tgz 2244ms (cache miss)
898 http fetch GET 200 https://registry.npmjs.org/proxy-agent/-/proxy-agent-6.4.0.tgz 2249ms (cache miss)
899 http fetch GET 200 https://registry.npmjs.org/pidusage/-/pidusage-3.0.2.tgz 2183ms (cache miss)
900 http fetch GET 200 https://registry.npmjs.org/eventemitter2/-/eventemitter2-6.4.9.tgz 2113ms (cache miss)
901 http fetch GET 200 https://registry.npmjs.org/cli-tableau/-/cli-tableau-2.0.1.tgz 2118ms (cache miss)
902 http fetch GET 200 https://registry.npmjs.org/@pm2/pm2-version-check/-/pm2-version-check-1.0.4.tgz 2115ms (cache miss)
903 http fetch GET 200 https://registry.npmjs.org/lru-cache/-/lru-cache-6.0.0.tgz 2106ms (cache miss)
904 http fetch GET 200 https://registry.npmjs.org/proxy-from-env/-/proxy-from-env-1.1.0.tgz 2363ms (cache miss)
905 http fetch GET 200 https://registry.npmjs.org/pm2-sysmonit/-/pm2-sysmonit-1.2.8.tgz 2270ms (cache miss)
906 http fetch GET 200 https://registry.npmjs.org/lru-cache/-/lru-cache-7.18.3.tgz 2402ms (cache miss)
907 http fetch GET 200 https://registry.npmjs.org/pm2-deploy/-/pm2-deploy-1.0.2.tgz 2284ms (cache miss)
908 http fetch GET 200 https://registry.npmjs.org/fclone/-/fclone-1.0.11.tgz 2181ms (cache miss)
909 http fetch GET 200 https://registry.npmjs.org/commander/-/commander-2.15.1.tgz 2171ms (cache miss)
910 http fetch GET 200 https://registry.npmjs.org/debug/-/debug-4.3.7.tgz 2161ms (cache miss)
911 http fetch GET 200 https://registry.npmjs.org/pm2-multimeter/-/pm2-multimeter-0.1.2.tgz 2298ms (cache miss)
912 http fetch GET 200 https://registry.npmjs.org/eventemitter2/-/eventemitter2-5.0.1.tgz 2194ms (cache miss)
913 http fetch GET 200 https://registry.npmjs.org/mkdirp/-/mkdirp-1.0.4.tgz 2216ms (cache miss)
914 http fetch GET 200 https://registry.npmjs.org/eventemitter2/-/eventemitter2-6.4.9.tgz 2185ms (cache miss)
915 http fetch GET 200 https://registry.npmjs.org/ansis/-/ansis-4.0.0-node10.tgz 2192ms (cache miss)
916 http fetch GET 200 https://registry.npmjs.org/lru-cache/-/lru-cache-6.0.0.tgz 2187ms (cache miss)
917 http fetch GET 200 https://registry.npmjs.org/debug/-/debug-4.3.7.tgz 2191ms (cache miss)
918 http fetch GET 200 https://registry.npmjs.org/netmask/-/netmask-2.0.2.tgz 2493ms (cache miss)
919 http fetch GET 200 https://registry.npmjs.org/source-map-support/-/source-map-support-0.5.21.tgz 2354ms (cache miss)
920 http fetch GET 200 https://registry.npmjs.org/is-core-module/-/is-core-module-2.16.1.tgz 2520ms (cache miss)
921 http fetch GET 200 https://registry.npmjs.org/safe-buffer/-/safe-buffer-5.2.1.tgz 2450ms (cache miss)
922 http fetch GET 200 https://registry.npmjs.org/chokidar/-/chokidar-3.6.0.tgz 2241ms (cache miss)
923 http fetch GET 200 https://registry.npmjs.org/escodegen/-/escodegen-2.1.0.tgz 2582ms (cache miss)
924 http fetch GET 200 https://registry.npmjs.org/debug/-/debug-4.3.7.tgz 2300ms (cache miss)
925 http fetch GET 200 https://registry.npmjs.org/tv4/-/tv4-1.3.0.tgz 2590ms (cache miss)
926 http fetch GET 200 https://registry.npmjs.org/https-proxy-agent/-/https-proxy-agent-7.0.6.tgz 2599ms (cache miss)
927 http fetch GET 200 https://registry.npmjs.org/tslib/-/tslib-2.8.1.tgz 2710ms (cache miss)
928 http fetch GET 200 https://registry.npmjs.org/braces/-/braces-3.0.3.tgz 2651ms (cache miss)
929 http fetch GET 200 https://registry.npmjs.org/pidusage/-/pidusage-2.0.21.tgz 2610ms (cache miss)
930 http fetch GET 200 https://registry.npmjs.org/argparse/-/argparse-2.0.1.tgz 2707ms (cache miss)
931 http fetch GET 200 https://registry.npmjs.org/smart-buffer/-/smart-buffer-4.2.0.tgz 2815ms (cache miss)
932 http fetch GET 200 https://registry.npmjs.org/get-uri/-/get-uri-6.0.5.tgz 2789ms (cache miss)
933 http fetch GET 200 https://registry.npmjs.org/tx2/-/tx2-1.0.5.tgz 2778ms (cache miss)
934 http fetch GET 200 https://registry.npmjs.org/fast-json-patch/-/fast-json-patch-3.1.1.tgz 2682ms (cache miss)
935 http fetch GET 200 https://registry.npmjs.org/pm2-axon/-/pm2-axon-4.0.1.tgz 2672ms (cache miss)
936 http fetch GET 200 https://registry.npmjs.org/croner/-/croner-4.1.97.tgz 2637ms (cache miss)
937 http fetch GET 200 https://registry.npmjs.org/esprima/-/esprima-4.0.1.tgz 2963ms (cache miss)
938 http fetch GET 200 https://registry.npmjs.org/ws/-/ws-7.5.10.tgz 2838ms (cache miss)
939 http fetch GET 200 https://registry.npmjs.org/@pm2/agent/-/agent-2.1.1.tgz 2729ms (cache miss)
940 http fetch GET 200 https://registry.npmjs.org/ip-address/-/ip-address-10.1.0.tgz 3061ms (cache miss)
941 http fetch GET 200 https://registry.npmjs.org/socks/-/socks-2.8.7.tgz 3061ms (cache miss)
942 http fetch GET 200 https://registry.npmjs.org/basic-ftp/-/basic-ftp-5.0.5.tgz 3036ms (cache miss)
943 http fetch GET 200 https://registry.npmjs.org/pac-resolver/-/pac-resolver-7.0.1.tgz 3087ms (cache miss)
944 http fetch GET 200 https://registry.npmjs.org/vizion/-/vizion-2.2.1.tgz 2971ms (cache miss)
945 http fetch GET 200 https://registry.npmjs.org/needle/-/needle-2.4.0.tgz 2931ms (cache miss)
946 http fetch GET 200 https://registry.npmjs.org/iconv-lite/-/iconv-lite-0.4.24.tgz 3092ms (cache miss)
947 http fetch GET 200 https://registry.npmjs.org/semver/-/semver-7.5.4.tgz 2871ms (cache miss)
948 http fetch GET 200 https://registry.npmjs.org/enquirer/-/enquirer-2.3.6.tgz 2933ms (cache miss)
949 http fetch GET 200 https://registry.npmjs.org/extrareqp2/-/extrareqp2-1.0.0.tgz 3086ms (cache miss)
950 http fetch GET 200 https://registry.npmjs.org/semver/-/semver-7.7.2.tgz 3079ms (cache miss)
951 http fetch GET 200 https://registry.npmjs.org/semver/-/semver-7.5.4.tgz 2950ms (cache miss)
952 http fetch GET 200 https://registry.npmjs.org/systeminformation/-/systeminformation-5.27.11.tgz 3220ms (cache miss)
953 http fetch GET 200 https://registry.npmjs.org/js-yaml/-/js-yaml-4.1.0.tgz 3038ms (cache miss)
954 http fetch GET 200 https://registry.npmjs.org/js-git/-/js-git-0.7.8.tgz 3600ms (cache miss)
955 http fetch GET 200 https://registry.npmjs.org/ast-types/-/ast-types-0.13.4.tgz 3612ms (cache miss)
956 http fetch GET 200 https://registry.npmjs.org/pako/-/pako-0.2.9.tgz 3670ms (cache miss)
957 http fetch GET 200 https://registry.npmjs.org/@pm2/js-api/-/js-api-0.8.0.tgz 3534ms (cache miss)
958 http fetch GET 200 https://registry.npmjs.org/source-map/-/source-map-0.6.1.tgz 3897ms (cache miss)
959 http fetch GET 200 https://registry.npmjs.org/@pm2/io/-/io-6.1.0.tgz 4182ms (cache miss)
960 http fetch GET 200 https://registry.npmjs.org/async/-/async-2.6.4.tgz 4590ms (cache miss)
961 http fetch GET 200 https://registry.npmjs.org/async/-/async-2.6.4.tgz 4463ms (cache miss)
962 http fetch GET 200 https://registry.npmjs.org/async/-/async-2.6.4.tgz 4459ms (cache miss)
963 http fetch GET 200 https://registry.npmjs.org/async/-/async-3.2.6.tgz 4499ms (cache miss)
964 http fetch GET 200 https://registry.npmjs.org/resolve/-/resolve-1.22.11.tgz 4792ms (cache miss)
965 http fetch GET 200 https://registry.npmjs.org/@pm2/blessed/-/blessed-0.1.81.tgz 4510ms (cache miss)
966 http fetch GET 200 https://registry.npmjs.org/@tootallnate/quickjs-emscripten/-/quickjs-emscripten-0.23.0.tgz 4774ms (cache miss)
967 http fetch GET 200 https://registry.npmjs.org/pm2/-/pm2-6.0.13.tgz 4878ms (cache miss)
968 http fetch GET 200 https://registry.npmjs.org/dayjs/-/dayjs-1.8.36.tgz 4899ms (cache miss)
969 http fetch GET 200 https://registry.npmjs.org/dayjs/-/dayjs-1.11.15.tgz 4945ms (cache miss)
970 http fetch GET 200 https://registry.npmjs.org/lodash/-/lodash-4.17.21.tgz 5408ms (cache miss)
971 silly ADD node_modules/pm2
972 silly ADD node_modules/pm2/node_modules/lodash
973 silly ADD node_modules/pm2/node_modules/yallist
974 silly ADD node_modules/pm2/node_modules/pako
975 silly ADD node_modules/pm2/node_modules/git-sha1
976 silly ADD node_modules/pm2/node_modules/culvert
977 silly ADD node_modules/pm2/node_modules/bodec
978 silly ADD node_modules/pm2/node_modules/js-git
979 silly ADD node_modules/pm2/node_modules/ini
980 silly ADD node_modules/pm2/node_modules/git-node-fs
981 silly ADD node_modules/pm2/node_modules/json-stringify-safe
982 silly ADD node_modules/pm2/node_modules/is-number
983 silly ADD node_modules/pm2/node_modules/has-flag
984 silly ADD node_modules/pm2/node_modules/buffer-from
985 silly ADD node_modules/pm2/node_modules/smart-buffer
986 silly ADD node_modules/pm2/node_modules/ip-address
987 silly ADD node_modules/pm2/node_modules/socks
988 silly ADD node_modules/pm2/node_modules/function-bind
989 silly ADD node_modules/pm2/node_modules/hasown
990 silly ADD node_modules/pm2/node_modules/supports-preserve-symlinks-flag
991 silly ADD node_modules/pm2/node_modules/path-parse
992 silly ADD node_modules/pm2/node_modules/is-core-module
993 silly ADD node_modules/pm2/node_modules/resolve
994 silly ADD node_modules/pm2/node_modules/module-details-from-path
995 silly ADD node_modules/pm2/node_modules/mute-stream
996 silly ADD node_modules/pm2/node_modules/source-map
997 silly ADD node_modules/pm2/node_modules/esutils
998 silly ADD node_modules/pm2/node_modules/estraverse
999 silly ADD node_modules/pm2/node_modules/esprima
1000 silly ADD node_modules/pm2/node_modules/escodegen
1001 silly ADD node_modules/pm2/node_modules/ast-types
1002 silly ADD node_modules/pm2/node_modules/ast-types/node_modules/tslib
1003 silly ADD node_modules/pm2/node_modules/netmask
1004 silly ADD node_modules/pm2/node_modules/degenerator
1005 silly ADD node_modules/pm2/node_modules/data-uri-to-buffer
1006 silly ADD node_modules/pm2/node_modules/basic-ftp
1007 silly ADD node_modules/pm2/node_modules/pac-resolver
1008 silly ADD node_modules/pm2/node_modules/get-uri
1009 silly ADD node_modules/pm2/node_modules/@tootallnate/quickjs-emscripten
1010 silly ADD node_modules/pm2/node_modules/socks-proxy-agent
1011 silly ADD node_modules/pm2/node_modules/proxy-from-env
1012 silly ADD node_modules/pm2/node_modules/pac-proxy-agent
1013 silly ADD node_modules/pm2/node_modules/lru-cache
1014 silly ADD node_modules/pm2/node_modules/https-proxy-agent
1015 silly ADD node_modules/pm2/node_modules/http-proxy-agent
1016 silly ADD node_modules/pm2/node_modules/agent-base
1017 silly ADD node_modules/pm2/node_modules/read
1018 silly ADD node_modules/pm2/node_modules/tx2
1019 silly ADD node_modules/pm2/node_modules/systeminformation
1020 silly ADD node_modules/pm2/node_modules/charm
1021 silly ADD node_modules/pm2/node_modules/tv4
1022 silly ADD node_modules/pm2/node_modules/run-series
1023 silly ADD node_modules/pm2/node_modules/escape-string-regexp
1024 silly ADD node_modules/pm2/node_modules/amp-message
1025 silly ADD node_modules/pm2/node_modules/amp
1026 silly ADD node_modules/pm2/node_modules/safe-buffer
1027 silly ADD node_modules/pm2/node_modules/safer-buffer
1028 silly ADD node_modules/pm2/node_modules/sax
1029 silly ADD node_modules/pm2/node_modules/iconv-lite
1030 silly ADD node_modules/pm2/node_modules/argparse
1031 silly ADD node_modules/pm2/node_modules/is-extglob
1032 silly ADD node_modules/pm2/node_modules/binary-extensions
1033 silly ADD node_modules/pm2/node_modules/to-regex-range
1034 silly ADD node_modules/pm2/node_modules/follow-redirects
1035 silly ADD node_modules/pm2/node_modules/ansi-colors
1036 silly ADD node_modules/pm2/node_modules/ms
1037 silly ADD node_modules/pm2/node_modules/color-name
1038 silly ADD node_modules/pm2/node_modules/fill-range
1039 silly ADD node_modules/pm2/node_modules/picomatch
1040 silly ADD node_modules/pm2/node_modules/readdirp
1041 silly ADD node_modules/pm2/node_modules/normalize-path
1042 silly ADD node_modules/pm2/node_modules/is-glob
1043 silly ADD node_modules/pm2/node_modules/is-binary-path
1044 silly ADD node_modules/pm2/node_modules/glob-parent
1045 silly ADD
1046 silly ADD node_modules/pm2/node_modules/braces
1047 silly ADD node_modules/pm2/node_modules/anymatch
1048 silly ADD node_modules/pm2/node_modules/color-convert
1049 silly ADD node_modules/pm2/node_modules/supports-color
1050 silly ADD node_modules/pm2/node_modules/ansi-styles
1051 silly ADD node_modules/pm2/node_modules/extrareqp2
1052 silly ADD node_modules/pm2/node_modules/tslib
1053 silly ADD node_modules/pm2/node_modules/signal-exit
1054 silly ADD node_modules/pm2/node_modules/shimmer
1055 silly ADD node_modules/pm2/node_modules/require-in-the-middle
1056 silly ADD node_modules/pm2/node_modules/ws
1057 silly ADD node_modules/pm2/node_modules/proxy-agent
1058 silly ADD node_modules/pm2/node_modules/fast-json-patch
1059 silly ADD node_modules/pm2/node_modules/chalk
1060 silly ADD node_modules/pm2/node_modules/vizion
1061 silly ADD node_modules/pm2/node_modules/vizion/node_modules/async
1062 silly ADD node_modules/pm2/node_modules/sprintf-js
1063 silly ADD node_modules/pm2/node_modules/source-map-support
1064 silly ADD node_modules/pm2/node_modules/semver
1065 silly ADD node_modules/pm2/node_modules/promptly
1066 silly ADD node_modules/pm2/node_modules/pm2-sysmonit
1067 silly ADD node_modules/pm2/node_modules/pm2-sysmonit/node_modules/pidusage
1068 silly ADD node_modules/pm2/node_modules/pm2-multimeter
1069 silly ADD node_modules/pm2/node_modules/pm2-deploy
1070 silly ADD node_modules/pm2/node_modules/pm2-axon-rpc
1071 silly ADD node_modules/pm2/node_modules/pm2-axon
1072 silly ADD node_modules/pm2/node_modules/pidusage
1073 silly ADD node_modules/pm2/node_modules/needle
1074 silly ADD node_modules/pm2/node_modules/needle/node_modules/debug
1075 silly ADD node_modules/pm2/node_modules/mkdirp
1076 silly ADD node_modules/pm2/node_modules/js-yaml
1077 silly ADD node_modules/pm2/node_modules/fclone
1078 silly ADD node_modules/pm2/node_modules/eventemitter2
1079 silly ADD node_modules/pm2/node_modules/enquirer
1080 silly ADD node_modules/pm2/node_modules/debug
1081 silly ADD node_modules/pm2/node_modules/dayjs
1082 silly ADD node_modules/pm2/node_modules/croner
1083 silly ADD node_modules/pm2/node_modules/commander
1084 silly ADD node_modules/pm2/node_modules/cli-tableau
1085 silly ADD node_modules/pm2/node_modules/chokidar
1086 silly ADD node_modules/pm2/node_modules/async
1087 silly ADD node_modules/pm2/node_modules/ansis
1088 silly ADD node_modules/pm2/node_modules/@pm2/pm2-version-check
1089 silly ADD node_modules/pm2/node_modules/@pm2/js-api
1090 silly ADD node_modules/pm2/node_modules/@pm2/js-api/node_modules/eventemitter2
1091 silly ADD node_modules/pm2/node_modules/@pm2/js-api/node_modules/debug
1092 silly ADD node_modules/pm2/node_modules/@pm2/js-api/node_modules/async
1093 silly ADD node_modules/pm2/node_modules/@pm2/io
1094 silly ADD node_modules/pm2/node_modules/@pm2/io/node_modules/lru-cache
1095 silly ADD node_modules/pm2/node_modules/@pm2/io/node_modules/semver
1096 silly ADD node_modules/pm2/node_modules/@pm2/io/node_modules/eventemitter2
1097 silly ADD node_modules/pm2/node_modules/@pm2/io/node_modules/debug
1098 silly ADD node_modules/pm2/node_modules/@pm2/io/node_modules/async
1099 silly ADD node_modules/pm2/node_modules/@pm2/blessed
1100 silly ADD node_modules/pm2/node_modules/@pm2/agent
1101 silly ADD node_modules/pm2/node_modules/@pm2/agent/node_modules/lru-cache
1102 silly ADD node_modules/pm2/node_modules/@pm2/agent/node_modules/semver
1103 silly ADD node_modules/pm2/node_modules/@pm2/agent/node_modules/debug
1104 silly ADD node_modules/pm2/node_modules/@pm2/agent/node_modules/dayjs
1105 verbose cwd /root/clicker
1106 verbose os Linux 5.15.0-113-generic
1107 verbose node v20.19.5
1108 verbose npm  v10.8.2
1109 verbose exit 0
1110 info ok
