0 verbose cli /usr/bin/node /usr/bin/npm
1 info using npm@10.8.2
2 info using node@v20.19.5
3 silly config load:file:/usr/lib/node_modules/npm/npmrc
4 silly config load:file:/root/.cache/typescript/5.9/.npmrc
5 silly config load:file:/root/.npmrc
6 silly config load:file:/usr/etc/npmrc
7 verbose title npm install types-registry@latest
8 verbose argv "install" "--ignore-scripts" "types-registry@latest"
9 verbose logfile logs-max:10 dir:/root/.npm/_logs/2025-11-13T23_11_21_599Z-
10 verbose logfile /root/.npm/_logs/2025-11-13T23_11_21_599Z-debug-0.log
11 silly packumentCache heap:1054867456 maxSize:263716864 maxEntrySize:131858432
12 silly logfile start cleaning logs, removing 1 files
13 silly logfile done cleaning log files
14 silly packumentCache corgi:https://registry.npmjs.org/types-registry cache-miss
15 http fetch GET 200 https://registry.npmjs.org/npm 380ms
16 http fetch GET 200 https://registry.npmjs.org/types-registry 253ms (cache revalidated)
17 silly packumentCache corgi:https://registry.npmjs.org/types-registry set size:612042 disposed:false
18 silly idealTree buildDeps
19 silly fetch manifest types-registry@0.1.746
20 silly packumentCache full:https://registry.npmjs.org/types-registry cache-miss
21 http fetch GET 200 https://registry.npmjs.org/types-registry 57ms (cache revalidated)
22 silly packumentCache full:https://registry.npmjs.org/types-registry set size:1311504 disposed:false
23 silly placeDep ROOT types-registry@0.1.746 REPLACE for:  want: 0.1.746
24 silly reify moves {}
25 silly audit bulk request {
25 silly audit   '@types/node': [ '24.9.2' ],
25 silly audit   '@types/react': [ '19.2.2' ],
25 silly audit   csstype: [ '3.1.3' ],
25 silly audit   'undici-types': [ '7.16.0' ],
25 silly audit   'types-registry': [ '0.1.746' ]
25 silly audit }
26 http fetch POST 200 https://registry.npmjs.org/-/npm/v1/security/advisories/bulk 204ms
27 silly audit report {}
28 verbose cwd /root/.cache/typescript/5.9
29 verbose os Linux 5.15.0-113-generic
30 verbose node v20.19.5
31 verbose npm  v10.8.2
32 notice
32 notice New major version of npm available! 10.8.2 -> 11.6.2
32 notice Changelog: https://github.com/npm/cli/releases/tag/v11.6.2
32 notice To update run: npm install -g npm@11.6.2
32 notice  { force: true, [Symbol(proc-log.meta)]: true }
33 verbose exit 0
34 info ok
