0 verbose cli /usr/bin/node /usr/bin/npm
1 info using npm@10.8.2
2 info using node@v20.19.5
3 silly config load:file:/usr/lib/node_modules/npm/npmrc
4 silly config load:file:/root/spotify/.npmrc
5 silly config load:file:/root/.npmrc
6 silly config load:file:/usr/etc/npmrc
7 verbose title npm i
8 verbose argv "i"
9 verbose logfile logs-max:10 dir:/root/.npm/_logs/2025-11-05T07_05_07_021Z-
10 verbose logfile /root/.npm/_logs/2025-11-05T07_05_07_021Z-debug-0.log
11 silly packumentCache heap:1054867456 maxSize:263716864 maxEntrySize:131858432
12 silly logfile start cleaning logs, removing 1 files
13 silly logfile done cleaning log files
14 silly idealTree buildDeps
15 silly reify moves {}
16 verbose stack Error: Could not read package.json: Error: ENOENT: no such file or directory, open '/root/spotify/package.json'
16 verbose stack     at async open (node:internal/fs/promises:639:25)
16 verbose stack     at async readFile (node:internal/fs/promises:1246:14)
16 verbose stack     at async read (/usr/lib/node_modules/npm/node_modules/@npmcli/package-json/lib/read-package.js:9:18)
16 verbose stack     at async PackageJson.load (/usr/lib/node_modules/npm/node_modules/@npmcli/package-json/lib/index.js:130:31)
16 verbose stack     at async PackageJson.normalize (/usr/lib/node_modules/npm/node_modules/@npmcli/package-json/lib/index.js:116:5)
16 verbose stack     at async runScript (/usr/lib/node_modules/npm/node_modules/@npmcli/run-script/lib/run-script.js:11:28)
16 verbose stack     at async Install.exec (/usr/lib/node_modules/npm/lib/commands/install.js:163:9)
16 verbose stack     at async Npm.exec (/usr/lib/node_modules/npm/lib/npm.js:207:9)
16 verbose stack     at async module.exports (/usr/lib/node_modules/npm/lib/cli/entry.js:74:5)
17 error code ENOENT
18 error syscall open
19 error path /root/spotify/package.json
20 error errno -2
21 error enoent Could not read package.json: Error: ENOENT: no such file or directory, open '/root/spotify/package.json'
22 error enoent This is related to npm not being able to find a file.
22 error enoent
23 verbose cwd /root/spotify
24 verbose os Linux 5.15.0-113-generic
25 verbose node v20.19.5
26 verbose npm  v10.8.2
27 verbose exit -2
28 verbose code -2
29 error A complete log of this run can be found in: /root/.npm/_logs/2025-11-05T07_05_07_021Z-debug-0.log
